Component: ARM Compiler 5.06 update 7 (build 960) Tool: armlink [4d3601]

==============================================================================

Section Cross References

    main.o(.text) refers to delay.o(.text) for delay_init
    main.o(.text) refers to usart.o(.text) for uart_init
    main.o(.text) refers to noretval__2printf.o(.text) for __2printf
    system_stm32f4xx.o(.text) refers to system_stm32f4xx.o(.data) for SystemCoreClock
    startup_stm32f40_41xxx.o(STACK) refers (Special) to heapauxi.o(.text) for __use_two_region_memory
    startup_stm32f40_41xxx.o(HEAP) refers (Special) to heapauxi.o(.text) for __use_two_region_memory
    startup_stm32f40_41xxx.o(RESET) refers (Special) to heapauxi.o(.text) for __use_two_region_memory
    startup_stm32f40_41xxx.o(RESET) refers to startup_stm32f40_41xxx.o(STACK) for __initial_sp
    startup_stm32f40_41xxx.o(RESET) refers to startup_stm32f40_41xxx.o(.text) for Reset_Handler
    startup_stm32f40_41xxx.o(RESET) refers to stm32f4xx_it.o(.text) for NMI_Handler
    startup_stm32f40_41xxx.o(RESET) refers to port.o(.emb_text) for SVC_Handler
    startup_stm32f40_41xxx.o(RESET) refers to port.o(.text) for SysTick_Handler
    startup_stm32f40_41xxx.o(RESET) refers to usart.o(.text) for USART1_IRQHandler
    startup_stm32f40_41xxx.o(.text) refers (Special) to heapauxi.o(.text) for __use_two_region_memory
    startup_stm32f40_41xxx.o(.text) refers to system_stm32f4xx.o(.text) for SystemInit
    startup_stm32f40_41xxx.o(.text) refers to __main.o(!!!main) for __main
    startup_stm32f40_41xxx.o(.text) refers to startup_stm32f40_41xxx.o(HEAP) for Heap_Mem
    startup_stm32f40_41xxx.o(.text) refers to startup_stm32f40_41xxx.o(STACK) for Stack_Mem
    stm32f4xx_adc.o(.text) refers to stm32f4xx_rcc.o(.text) for RCC_APB2PeriphResetCmd
    stm32f4xx_can.o(.text) refers to stm32f4xx_rcc.o(.text) for RCC_APB1PeriphResetCmd
    stm32f4xx_cryp.o(.text) refers to stm32f4xx_rcc.o(.text) for RCC_AHB2PeriphResetCmd
    stm32f4xx_cryp_aes.o(.text) refers to stm32f4xx_cryp.o(.text) for CRYP_KeyStructInit
    stm32f4xx_cryp_des.o(.text) refers to stm32f4xx_cryp.o(.text) for CRYP_KeyStructInit
    stm32f4xx_cryp_tdes.o(.text) refers to stm32f4xx_cryp.o(.text) for CRYP_KeyStructInit
    stm32f4xx_dac.o(.text) refers to stm32f4xx_rcc.o(.text) for RCC_APB1PeriphResetCmd
    stm32f4xx_dma2d.o(.text) refers to stm32f4xx_rcc.o(.text) for RCC_AHB1PeriphResetCmd
    stm32f4xx_fsmc.o(.text) refers to stm32f4xx_fsmc.o(.constdata) for FSMC_DefaultTimingStruct
    stm32f4xx_gpio.o(.text) refers to stm32f4xx_rcc.o(.text) for RCC_AHB1PeriphResetCmd
    stm32f4xx_hash.o(.text) refers to stm32f4xx_rcc.o(.text) for RCC_AHB2PeriphResetCmd
    stm32f4xx_hash_md5.o(.text) refers to stm32f4xx_hash.o(.text) for HASH_DeInit
    stm32f4xx_hash_sha1.o(.text) refers to stm32f4xx_hash.o(.text) for HASH_DeInit
    stm32f4xx_i2c.o(.text) refers to stm32f4xx_rcc.o(.text) for RCC_APB1PeriphResetCmd
    stm32f4xx_ltdc.o(.text) refers to stm32f4xx_rcc.o(.text) for RCC_APB2PeriphResetCmd
    stm32f4xx_pwr.o(.text) refers to stm32f4xx_rcc.o(.text) for RCC_APB1PeriphResetCmd
    stm32f4xx_rcc.o(.text) refers to stm32f4xx_rcc.o(.data) for APBAHBPrescTable
    stm32f4xx_rng.o(.text) refers to stm32f4xx_rcc.o(.text) for RCC_AHB2PeriphResetCmd
    stm32f4xx_sai.o(.text) refers to stm32f4xx_rcc.o(.text) for RCC_APB2PeriphResetCmd
    stm32f4xx_sdio.o(.text) refers to stm32f4xx_rcc.o(.text) for RCC_APB2PeriphResetCmd
    stm32f4xx_spi.o(.text) refers to stm32f4xx_rcc.o(.text) for RCC_APB2PeriphResetCmd
    stm32f4xx_syscfg.o(.text) refers to stm32f4xx_rcc.o(.text) for RCC_APB2PeriphResetCmd
    stm32f4xx_tim.o(.text) refers to stm32f4xx_rcc.o(.text) for RCC_APB2PeriphResetCmd
    stm32f4xx_usart.o(.text) refers to stm32f4xx_rcc.o(.text) for RCC_APB2PeriphResetCmd
    stm32f4xx_wwdg.o(.text) refers to stm32f4xx_rcc.o(.text) for RCC_APB1PeriphResetCmd
    delay.o(.text) refers to misc.o(.text) for SysTick_CLKSourceConfig
    delay.o(.text) refers to delay.o(.data) for fac_us
    usart.o(.rev16_text) refers (Special) to use_no_semi_2.o(.text) for __use_no_semihosting
    usart.o(.revsh_text) refers (Special) to use_no_semi_2.o(.text) for __use_no_semihosting
    usart.o(.text) refers (Special) to use_no_semi_2.o(.text) for __use_no_semihosting
    usart.o(.text) refers to stm32f4xx_rcc.o(.text) for RCC_AHB1PeriphClockCmd
    usart.o(.text) refers to stm32f4xx_gpio.o(.text) for GPIO_PinAFConfig
    usart.o(.text) refers to stm32f4xx_usart.o(.text) for USART_Init
    usart.o(.text) refers to misc.o(.text) for NVIC_Init
    usart.o(.text) refers to usart.o(.data) for USART_RX_STA
    usart.o(.text) refers to usart.o(.bss) for USART_RX_BUF
    usart.o(.bss) refers (Special) to use_no_semi_2.o(.text) for __use_no_semihosting
    usart.o(.data) refers (Special) to use_no_semi_2.o(.text) for __use_no_semihosting
    heap_4.o(.text) refers to tasks.o(.text) for vTaskSuspendAll
[...]
    ../clib/armsys.c                         0x00000000   Number         0  _get_argv_nomalloc.o ABSOLUTE
    ../clib/armsys.c                         0x00000000   Number         0  argv_veneer.o ABSOLUTE
    ../clib/armsys.c                         0x00000000   Number         0  argv_veneer.o ABSOLUTE
    ../clib/armsys.c                         0x00000000   Number         0  no_argv.o ABSOLUTE
    ../clib/heapalloc.c                      0x00000000   Number         0  hrguard.o ABSOLUTE
    ../clib/heapaux.c                        0x00000000   Number         0  heapauxi.o ABSOLUTE
    ../clib/libinit.s                        0x00000000   Number         0  libinit2.o ABSOLUTE
    ../clib/libinit.s                        0x00000000   Number         0  libshutdown.o ABSOLUTE
    ../clib/libinit.s                        0x00000000   Number         0  libinit.o ABSOLUTE
    ../clib/libinit.s                        0x00000000   Number         0  libshutdown2.o ABSOLUTE
    ../clib/memcpset.s                       0x00000000   Number         0  rt_memcpy_w.o ABSOLUTE
    ../clib/memcpset.s                       0x00000000   Number         0  rt_memclr_w.o ABSOLUTE
    ../clib/memcpset.s                       0x00000000   Number         0  rt_memclr.o ABSOLUTE
    ../clib/memcpset.s                       0x00000000   Number         0  aeabi_memset.o ABSOLUTE
    ../clib/memcpset.s                       0x00000000   Number         0  memset.o ABSOLUTE
    ../clib/memcpset.s                       0x00000000   Number         0  rt_memcpy_v6.o ABSOLUTE
    ../clib/printf.c                         0x00000000   Number         0  _printf_char_file.o ABSOLUTE
    ../clib/printf.c                         0x00000000   Number         0  noretval__2printf.o ABSOLUTE
    ../clib/printf.c                         0x00000000   Number         0  __2printf.o ABSOLUTE
    ../clib/printf.c                         0x00000000   Number         0  _printf_char_common.o ABSOLUTE
    ../clib/printf.c                         0x00000000   Number         0  __printf_nopercent.o ABSOLUTE
    ../clib/signal.c                         0x00000000   Number         0  defsig_general.o ABSOLUTE
    ../clib/signal.c                         0x00000000   Number         0  defsig_rtmem_inner.o ABSOLUTE
    ../clib/signal.c                         0x00000000   Number         0  defsig_exit.o ABSOLUTE
    ../clib/signal.c                         0x00000000   Number         0  defsig_rtmem_outer.o ABSOLUTE
    ../clib/signal.c                         0x00000000   Number         0  defsig_pvfn_inner.o ABSOLUTE
    ../clib/signal.c                         0x00000000   Number         0  defsig_abrt_inner.o ABSOLUTE
    ../clib/signal.c                         0x00000000   Number         0  defsig_cppl_inner.o ABSOLUTE
    ../clib/signal.c                         0x00000000   Number         0  defsig_stak_inner.o ABSOLUTE
    ../clib/signal.c                         0x00000000   Number         0  __raise.o ABSOLUTE
    ../clib/signal.c                         0x00000000   Number         0  defsig_other.o ABSOLUTE
    ../clib/signal.c                         0x00000000   Number         0  defsig_rtmem_formal.o ABSOLUTE
    ../clib/signal.c                         0x00000000   Number         0  defsig_segv_inner.o ABSOLUTE
    ../clib/signal.c                         0x00000000   Number         0  defsig_fpe_inner.o ABSOLUTE
    ../clib/signal.c                         0x00000000   Number         0  defsig_rtred_inner.o ABSOLUTE
    ../clib/signal.s                         0x00000000   Number         0  defsig.o ABSOLUTE
    ../clib/stdio.c                          0x00000000   Number         0  ferror_locked.o ABSOLUTE
    ../clib/stdio.c                          0x00000000   Number         0  ferror.o ABSOLUTE
    ../clib/stdlib.c                         0x00000000   Number         0  exit.o ABSOLUTE
    ../fplib/fpinit.s                        0x00000000   Number         0  fpinit.o ABSOLUTE
    ..\CORE\startup_stm32f40_41xxx.s         0x00000000   Number         0  startup_stm32f40_41xxx.o ABSOLUTE
    ..\FWLIB\src\misc.c                      0x00000000   Number         0  misc.o ABSOLUTE
    ..\FWLIB\src\stm32f4xx_adc.c             0x00000000   Number         0  stm32f4xx_adc.o ABSOLUTE
    ..\FWLIB\src\stm32f4xx_can.c             0x00000000   Number         0  stm32f4xx_can.o ABSOLUTE
    ..\FWLIB\src\stm32f4xx_crc.c             0x00000000   Number         0  stm32f4xx_crc.o ABSOLUTE
    ..\FWLIB\src\stm32f4xx_cryp.c            0x00000000   Number         0  stm32f4xx_cryp.o ABSOLUTE
    ..\FWLIB\src\stm32f4xx_cryp_aes.c        0x00000000   Number         0  stm32f4xx_cryp_aes.o ABSOLUTE
    ..\FWLIB\src\stm32f4xx_cryp_des.c        0x00000000   Number         0  stm32f4xx_cryp_des.o ABSOLUTE
    ..\FWLIB\src\stm32f4xx_cryp_tdes.c       0x00000000   Number         0  stm32f4xx_cryp_tdes.o ABSOLUTE
    ..\FWLIB\src\stm32f4xx_dac.c             0x00000000   Number         0  stm32f4xx_dac.o ABSOLUTE
    ..\FWLIB\src\stm32f4xx_dbgmcu.c          0x00000000   Number         0  stm32f4xx_dbgmcu.o ABSOLUTE
    ..\FWLIB\src\stm32f4xx_dcmi.c            0x00000000   Number         0  stm32f4xx_dcmi.o ABSOLUTE
    ..\FWLIB\src\stm32f4xx_dma.c             0x00000000   Number         0  stm32f4xx_dma.o ABSOLUTE
    ..\FWLIB\src\stm32f4xx_dma2d.c           0x00000000   Number         0  stm32f4xx_dma2d.o ABSOLUTE
    ..\FWLIB\src\stm32f4xx_exti.c            0x00000000   Number         0  stm32f4xx_exti.o ABSOLUTE
    ..\FWLIB\src\stm32f4xx_flash.c           0x00000000   Number         0  stm32f4xx_flash.o ABSOLUTE
    ..\FWLIB\src\stm32f4xx_flash_ramfunc.c   0x00000000   Number         0  stm32f4xx_flash_ramfunc.o ABSOLUTE
    ..\FWLIB\src\stm32f4xx_fsmc.c            0x00000000   Number         0  stm32f4xx_fsmc.o ABSOLUTE
    ..\FWLIB\src\stm32f4xx_gpio.c            0x00000000   Number         0  stm32f4xx_gpio.o ABSOLUTE
    ..\FWLIB\src\stm32f4xx_hash.c            0x00000000   Number         0  stm32f4xx_hash.o ABSOLUTE
    ..\FWLIB\src\stm32f4xx_hash_md5.c        0x00000000   Number         0  stm32f4xx_hash_md5.o ABSOLUTE
    ..\FWLIB\src\stm32f4xx_hash_sha1.c       0x00000000   Number         0  stm32f4xx_hash_sha1.o ABSOLUTE
    ..\FWLIB\src\stm32f4xx_i2c.c             0x00000000   Number         0  stm32f4xx_i2c.o ABSOLUTE
    ..\FWLIB\src\stm32f4xx_iwdg.c            0x00000000   Number         0  stm32f4xx_iwdg.o ABSOLUTE
    ..\FWLIB\src\stm32f4xx_ltdc.c            0x00000000   Number         0  stm32f4xx_ltdc.o ABSOLUTE
    ..\FWLIB\src\stm32f4xx_pwr.c             0x00000000   Number         0  stm32f4xx_pwr.o ABSOLUTE
    ..\FWLIB\src\stm32f4xx_rcc.c             0x00000000   Number         0  stm32f4xx_rcc.o ABSOLUTE
    ..\FWLIB\src\stm32f4xx_rng.c             0x00000000   Number         0  stm32f4xx_rng.o ABSOLUTE
    ..\FWLIB\src\stm32f4xx_rtc.c             0x00000000   Number         0  stm32f4xx_rtc.o ABSOLUTE
    ..\FWLIB\src\stm32f4xx_sai.c             0x00000000   Number         0  stm32f4xx_sai.o ABSOLUTE
    ..\FWLIB\src\stm32f4xx_sdio.c            0x00000000   Number         0  stm32f4xx_sdio.o ABSOLUTE
    ..\FWLIB\src\stm32f4xx_spi.c             0x00000000   Number         0  stm32f4xx_spi.o ABSOLUTE
    ..\FWLIB\src\stm32f4xx_syscfg.c          0x00000000   Number         0  stm32f4xx_syscfg.o ABSOLUTE
    ..\FWLIB\src\stm32f4xx_tim.c             0x00000000   Number         0  stm32f4xx_tim.o ABSOLUTE
    ..\FWLIB\src\stm32f4xx_usart.c           0x00000000   Number         0  stm32f4xx_usart.o ABSOLUTE
    ..\FWLIB\src\stm32f4xx_wwdg.c            0x00000000   Number         0  stm32f4xx_wwdg.o ABSOLUTE
    ..\FreeRTOS\port\heap_4.c                0x00000000   Number         0  heap_4.o ABSOLUTE
    ..\FreeRTOS\port\port.c                  0x00000000   Number         0  port.o ABSOLUTE
    ..\FreeRTOS\src\croutine.c               0x00000000   Number         0  croutine.o ABSOLUTE
    ..\FreeRTOS\src\event_groups.c           0x00000000   Number         0  event_groups.o ABSOLUTE
    ..\FreeRTOS\src\list.c                   0x00000000   Number         0  list.o ABSOLUTE
    ..\FreeRTOS\src\queue.c                  0x00000000   Number         0  queue.o ABSOLUTE
    ..\FreeRTOS\src\stream_buffer.c          0x00000000   Number         0  stream_buffer.o ABSOLUTE
    ..\FreeRTOS\src\tasks.c                  0x00000000   Number         0  tasks.o ABSOLUTE
    ..\FreeRTOS\src\timers.c                 0x00000000   Number         0  timers.o ABSOLUTE
    ..\SYSTEM\delay\delay.c                  0x00000000   Number         0  delay.o ABSOLUTE
    ..\SYSTEM\sys\sys.c                      0x00000000   Number         0  sys.o ABSOLUTE
    ..\SYSTEM\usart\usart.c                  0x00000000   Number         0  usart.o ABSOLUTE
    ..\\FWLIB\\src\\misc.c                   0x00000000   Number         0  misc.o ABSOLUTE
    ..\\FWLIB\\src\\stm32f4xx_adc.c          0x00000000   Number         0  stm32f4xx_adc.o ABSOLUTE
    ..\\FWLIB\\src\\stm32f4xx_can.c          0x00000000   Number         0  stm32f4xx_can.o ABSOLUTE
    ..\\FWLIB\\src\\stm32f4xx_crc.c          0x00000000   Number         0  stm32f4xx_crc.o ABSOLUTE
    ..\\FWLIB\\src\\stm32f4xx_cryp.c         0x00000000   Number         0  stm32f4xx_cryp.o ABSOLUTE
    ..\\FWLIB\\src\\stm32f4xx_cryp_aes.c     0x00000000   Number         0  stm32f4xx_cryp_aes.o ABSOLUTE
    ..\\FWLIB\\src\\stm32f4xx_cryp_des.c     0x00000000   Number         0  stm32f4xx_cryp_des.o ABSOLUTE
    ..\\FWLIB\\src\\stm32f4xx_cryp_tdes.c    0x00000000   Number         0  stm32f4xx_cryp_tdes.o ABSOLUTE
    ..\\FWLIB\\src\\stm32f4xx_dac.c          0x00000000   Number         0  stm32f4xx_dac.o ABSOLUTE
    ..\\FWLIB\\src\\stm32f4xx_dbgmcu.c       0x00000000   Number         0  stm32f4xx_dbgmcu.o ABSOLUTE
    ..\\FWLIB\\src\\stm32f4xx_dcmi.c         0x00000000   Number         0  stm32f4xx_dcmi.o ABSOLUTE
    ..\\FWLIB\\src\\stm32f4xx_dma.c          0x00000000   Number         0  stm32f4xx_dma.o ABSOLUTE
    ..\\FWLIB\\src\\stm32f4xx_dma2d.c        0x00000000   Number         0  stm32f4xx_dma2d.o ABSOLUTE
    ..\\FWLIB\\src\\stm32f4xx_exti.c         0x00000000   Number         0  stm32f4xx_exti.o ABSOLUTE
    ..\\FWLIB\\src\\stm32f4xx_flash.c        0x00000000   Number         0  stm32f4xx_flash.o ABSOLUTE
    ..\\FWLIB\\src\\stm32f4xx_flash_ramfunc.c 0x00000000   Number         0  stm32f4xx_flash_ramfunc.o ABSOLUTE
    ..\\FWLIB\\src\\stm32f4xx_fsmc.c         0x00000000   Number         0  stm32f4xx_fsmc.o ABSOLUTE
    ..\\FWLIB\\src\\stm32f4xx_gpio.c         0x00000000   Number         0  stm32f4xx_gpio.o ABSOLUTE
    ..\\FWLIB\\src\\stm32f4xx_hash.c         0x00000000   Number         0  stm32f4xx_hash.o ABSOLUTE
    ..\\FWLIB\\src\\stm32f4xx_hash_md5.c     0x00000000   Number         0  stm32f4xx_hash_md5.o ABSOLUTE
    ..\\FWLIB\\src\\stm32f4xx_hash_sha1.c    0x00000000   Number         0  stm32f4xx_hash_sha1.o ABSOLUTE
    ..\\FWLIB\\src\\stm32f4xx_i2c.c          0x00000000   Number         0  stm32f4xx_i2c.o ABSOLUTE
    ..\\FWLIB\\src\\stm32f4xx_iwdg.c         0x00000000   Number         0  stm32f4xx_iwdg.o ABSOLUTE
    ..\\FWLIB\\src\\stm32f4xx_ltdc.c         0x00000000   Number         0  stm32f4xx_ltdc.o ABSOLUTE
    ..\\FWLIB\\src\\stm32f4xx_pwr.c          0x00000000   Number         0  stm32f4xx_pwr.o ABSOLUTE
    ..\\FWLIB\\src\\stm32f4xx_rcc.c          0x00000000   Number         0  stm32f4xx_rcc.o ABSOLUTE
    ..\\FWLIB\\src\\stm32f4xx_rng.c          0x00000000   Number         0  stm32f4xx_rng.o ABSOLUTE
    ..\\FWLIB\\src\\stm32f4xx_rtc.c          0x00000000   Number         0  stm32f4xx_rtc.o ABSOLUTE
    ..\\FWLIB\\src\\stm32f4xx_sai.c          0x00000000   Number         0  stm32f4xx_sai.o ABSOLUTE
    ..\\FWLIB\\src\\stm32f4xx_sdio.c         0x00000000   Number         0  stm32f4xx_sdio.o ABSOLUTE
    ..\\FWLIB\\src\\stm32f4xx_spi.c          0x00000000   Number         0  stm32f4xx_spi.o ABSOLUTE
    ..\\FWLIB\\src\\stm32f4xx_syscfg.c       0x00000000   Number         0  stm32f4xx_syscfg.o ABSOLUTE
    ..\\FWLIB\\src\\stm32f4xx_tim.c          0x00000000   Number         0  stm32f4xx_tim.o ABSOLUTE
    ..\\FWLIB\\src\\stm32f4xx_usart.c        0x00000000   Number         0  stm32f4xx_usart.o ABSOLUTE
    ..\\FWLIB\\src\\stm32f4xx_wwdg.c         0x00000000   Number         0  stm32f4xx_wwdg.o ABSOLUTE
    ..\\FreeRTOS\\port\\port.c               0x00000000   Number         0  port.o ABSOLUTE
    ..\\SYSTEM\\delay\\delay.c               0x00000000   Number         0  delay.o ABSOLUTE
    ..\\SYSTEM\\sys\\sys.c                   0x00000000   Number         0  sys.o ABSOLUTE
    ..\\SYSTEM\\usart\\usart.c               0x00000000   Number         0  usart.o ABSOLUTE
    dc.s                                     0x00000000   Number         0  dc.o ABSOLUTE
    main.c                                   0x00000000   Number         0  main.o ABSOLUTE
    main.c                                   0x00000000   Number         0  main.o ABSOLUTE
    stm32f4xx_it.c                           0x00000000   Number         0  stm32f4xx_it.o ABSOLUTE
    stm32f4xx_it.c                           0x00000000   Number         0  stm32f4xx_it.o ABSOLUTE
    system_stm32f4xx.c                       0x00000000   Number         0  system_stm32f4xx.o ABSOLUTE
    system_stm32f4xx.c                       0x00000000   Number         0  system_stm32f4xx.o ABSOLUTE
    RESET                                    0x08000000   Section      392  startup_stm32f40_41xxx.o(RESET)
    !!!main                                  0x08000188   Section        8  __main.o(!!!main)
    !!!scatter                               0x08000190   Section       52  __scatter.o(!!!scatter)
    !!handler_copy                           0x080001c4   Section       26  __scatter_copy.o(!!handler_copy)
    !!handler_zi                             0x080001e0   Section       28  __scatter_zi.o(!!handler_zi)
    .ARM.Collect$$libinit$$00000000          0x080001fc   Section        2  libinit.o(.ARM.Collect$$libinit$$00000000)
    .ARM.Collect$$libinit$$00000001          0x080001fe   Section        4  libinit2.o(.ARM.Collect$$libinit$$00000001)
    .ARM.Collect$$libinit$$00000004          0x08000202   Section        0  libinit2.o(.ARM.Collect$$libinit$$00000004)
    .ARM.Collect$$libinit$$0000000A          0x08000202   Section        0  libinit2.o(.ARM.Collect$$libinit$$0000000A)
    .ARM.Collect$$libinit$$0000000C          0x08000202   Section        0  libinit2.o(.ARM.Collect$$libinit$$0000000C)
    .ARM.Collect$$libinit$$0000000E          0x08000202   Section        0  libinit2.o(.ARM.Collect$$libinit$$0000000E)
    .ARM.Collect$$libinit$$00000011          0x08000202   Section        0  libinit2.o(.ARM.Collect$$libinit$$00000011)
    .ARM.Collect$$libinit$$00000013          0x08000202   Section        0  libinit2.o(.ARM.Collect$$libinit$$00000013)
    .ARM.Collect$$libinit$$00000015          0x08000202   Section        0  libinit2.o(.ARM.Collect$$libinit$$00000015)
    .ARM.Collect$$libinit$$00000017          0x08000202   Section        0  libinit2.o(.ARM.Collect$$libinit$$00000017)
    .ARM.Collect$$libinit$$00000019          0x08000202   Section        0  libinit2.o(.ARM.Collect$$libinit$$00000019)
    .ARM.Collect$$libinit$$0000001B          0x08000202   Section        0  libinit2.o(.ARM.Collect$$libinit$$0000001B)
    .ARM.Collect$$libinit$$0000001D          0x08000202   Section        0  libinit2.o(.ARM.Collect$$libinit$$0000001D)
    .ARM.Collect$$libinit$$0000001F          0x08000202   Section        0  libinit2.o(.ARM.Collect$$libinit$$0000001F)
    .ARM.Collect$$libinit$$00000021          0x08000202   Section        0  libinit2.o(.ARM.Collect$$libinit$$00000021)
    .ARM.Collect$$libinit$$00000023          0x08000202   Section        0  libinit2.o(.ARM.Collect$$libinit$$00000023)
    .ARM.Collect$$libinit$$00000025          0x08000202   Section        0  libinit2.o(.ARM.Collect$$libinit$$00000025)
    .ARM.Collect$$libinit$$0000002C          0x08000202   Section        0  libinit2.o(.ARM.Collect$$libinit$$0000002C)
    .ARM.Collect$$libinit$$0000002E          0x08000202   Section        0  libinit2.o(.ARM.Collect$$libinit$$0000002E)
    .ARM.Collect$$libinit$$00000030          0x08000202   Section        0  libinit2.o(.ARM.Collect$$libinit$$00000030)
    .ARM.Collect$$libinit$$00000032          0x08000202   Section        0  libinit2.o(.ARM.Collect$$libinit$$00000032)
    .ARM.Collect$$libinit$$00000033          0x08000202   Section        2  libinit2.o(.ARM.Collect$$libinit$$00000033)
    .ARM.Collect$$libshutdown$$00000000      0x08000204   Section        2  libshutdown.o(.ARM.Collect$$libshutdown$$00000000)
    .ARM.Collect$$libshutdown$$00000002      0x08000206   Section        0  libshutdown2.o(.ARM.Collect$$libshutdown$$00000002)
    .ARM.Collect$$libshutdown$$00000004      0x08000206   Section        0  libshutdown2.o(.ARM.Collect$$libshutdown$$00000004)
    .ARM.Collect$$libshutdown$$00000006      0x08000206   Section        0  libshutdown2.o(.ARM.Collect$$libshutdown$$00000006)
    .ARM.Collect$$libshutdown$$00000009      0x08000206   Section        0  libshutdown2.o(.ARM.Collect$$libshutdown$$00000009)
    .ARM.Collect$$libshutdown$$0000000C      0x08000206   Section        0  libshutdown2.o(.ARM.Collect$$libshutdown$$0000000C)
    .ARM.Collect$$libshutdown$$0000000E      0x08000206   Section        0  libshutdown2.o(.ARM.Collect$$libshutdown$$0000000E)
    .ARM.Collect$$libshutdown$$00000011      0x08000206   Section        0  libshutdown2.o(.ARM.Collect$$libshutdown$$00000011)
    .ARM.Collect$$libshutdown$$00000012      0x08000206   Section        2  libshutdown2.o(.ARM.Collect$$libshutdown$$00000012)
    .ARM.Collect$$rtentry$$00000000          0x08000208   Section        0  __rtentry.o(.ARM.Collect$$rtentry$$00000000)
    .ARM.Collect$$rtentry$$00000002          0x08000208   Section        0  __rtentry2.o(.ARM.Collect$$rtentry$$00000002)
    .ARM.Collect$$rtentry$$00000004          0x08000208   Section        6  __rtentry4.o(.ARM.Collect$$rtentry$$00000004)
    .ARM.Collect$$rtentry$$00000009          0x0800020e   Section        0  __rtentry2.o(.ARM.Collect$$rtentry$$00000009)
    .ARM.Collect$$rtentry$$0000000A          0x0800020e   Section        4  __rtentry2.o(.ARM.Collect$$rtentry$$0000000A)
    .ARM.Collect$$rtentry$$0000000C          0x08000212   Section        0  __rtentry2.o(.ARM.Collect$$rtentry$$0000000C)
    .ARM.Collect$$rtentry$$0000000D          0x08000212   Section        8  __rtentry2.o(.ARM.Collect$$rtentry$$0000000D)
    .ARM.Collect$$rtexit$$00000000           0x0800021a   Section        2  rtexit.o(.ARM.Collect$$rtexit$$00000000)
    .ARM.Collect$$rtexit$$00000002           0x0800021c   Section        0  rtexit2.o(.ARM.Collect$$rtexit$$00000002)
    .ARM.Collect$$rtexit$$00000003           0x0800021c   Section        4  rtexit2.o(.ARM.Collect$$rtexit$$00000003)
    .ARM.Collect$$rtexit$$00000004           0x08000220   Section        6  rtexit2.o(.ARM.Collect$$rtexit$$00000004)
    .emb_text                                0x08000228   Section      190  port.o(.emb_text)
    $v0                                      0x08000228   Number         0  port.o(.emb_text)
    .text                                    0x080002e8   Section        0  main.o(.text)
    .text                                    0x080003e8   Section        0  stm32f4xx_it.o(.text)
    .text                                    0x080003fc   Section        0  system_stm32f4xx.o(.text)
    SetSysClock                              0x080003fd   Thumb Code   220  system_stm32f4xx.o(.text)
    .text                                    0x0800060c   Section       64  startup_stm32f40_41xxx.o(.text)
    $v0                                      0x0800060c   Number         0  startup_stm32f40_41xxx.o(.text)
    .text                                    0x0800064c   Section        0  misc.o(.text)
    .text                                    0x0800072c   Section        0  stm32f4xx_gpio.o(.text)
    .text                                    0x080009c0   Section        0  stm32f4xx_rcc.o(.text)
    .text                                    0x0800101c   Section        0  stm32f4xx_usart.o(.text)
    .text                                    0x08001470   Section        0  delay.o(.text)
    .text                                    0x08001574   Section        0  usart.o(.text)
    .text                                    0x080016bc   Section        0  heap_4.o(.text)
    prvHeapInit                              0x080016bd   Thumb Code    88  heap_4.o(.text)
    prvInsertBlockIntoFreeList               0x080018ef   Thumb Code   144  heap_4.o(.text)
    .text                                    0x08001b28   Section        0  port.o(.text)
    prvTaskExitError                         0x08001b29   Thumb Code    60  port.o(.text)
    .text                                    0x08001e68   Section        0  list.o(.text)
    .text                                    0x08001efc   Section        0  queue.o(.text)
    prvInitialiseNewQueue                    0x08001fd3   Thumb Code    42  queue.o(.text)
    prvUnlockQueue                           0x08002063   Thumb Code   126  queue.o(.text)
    prvIsQueueFull                           0x080020e1   Thumb Code    30  queue.o(.text)
    prvCopyDataToQueue                       0x080020ff   Thumb Code   126  queue.o(.text)
    prvInitialiseMutex                       0x08002321   Thumb Code    30  queue.o(.text)
    prvGetDisinheritPriorityAfterTimeout     0x080023ad   Thumb Code    20  queue.o(.text)
    prvIsQueueEmpty                          0x080023c1   Thumb Code    26  queue.o(.text)
    prvCopyDataFromQueue                     0x0800282f   Thumb Code    46  queue.o(.text)
    .text                                    0x08002f28   Section        0  tasks.o(.text)
    prvInitialiseNewTask                     0x08002f29   Thumb Code   204  tasks.o(.text)
    prvCreateTask                            0x08002ff5   Thumb Code    90  tasks.o(.text)
    prvInitialiseTaskLists                   0x0800304f   Thumb Code    70  tasks.o(.text)
    prvAddNewTaskToReadyList                 0x08003095   Thumb Code   218  tasks.o(.text)
    prvDeleteTCB                             0x080031a7   Thumb Code    18  tasks.o(.text)
    prvResetNextTaskUnblockTime              0x080031b9   Thumb Code    40  tasks.o(.text)
    prvAddCurrentTaskToDelayedList           0x08003635   Thumb Code   174  tasks.o(.text)
    prvTaskIsTaskSuspended                   0x08003c4b   Thumb Code   156  tasks.o(.text)
    prvCheckTasksWaitingTermination          0x08003e89   Thumb Code    60  tasks.o(.text)
    prvIdleTask                              0x08003ec5   Thumb Code    32  tasks.o(.text)
    prvCreateIdleTasks                       0x08003ee5   Thumb Code    86  tasks.o(.text)
    prvTaskCheckFreeStackSpace               0x0800402f   Thumb Code    20  tasks.o(.text)
    prvListTasksWithinSingleList             0x08004151   Thumb Code    62  tasks.o(.text)
    .text                                    0x0800527c   Section        0  timers.o(.text)
    prvInsertTimerInActiveList               0x0800527d   Thumb Code    80  timers.o(.text)
    prvReloadTimer                           0x080052cd   Thumb Code    40  timers.o(.text)
    prvProcessExpiredTimer                   0x080052f5   Thumb Code    62  timers.o(.text)
    prvSwitchTimerLists                      0x08005333   Thumb Code    58  timers.o(.text)
    prvSampleTimeNow                         0x0800536d   Thumb Code    40  timers.o(.text)
    prvProcessReceivedCommands               0x08005395   Thumb Code   288  timers.o(.text)
    prvProcessTimerOrBlockTask               0x080054b5   Thumb Code   102  timers.o(.text)
    prvGetNextExpireTime                     0x0800551b   Thumb Code    36  timers.o(.text)
    prvTimerTask                             0x0800553f   Thumb Code    26  timers.o(.text)
    prvCheckForValidListAndQueue             0x08005559   Thumb Code    72  timers.o(.text)
    prvInitialiseNewTimer                    0x080055e3   Thumb Code    88  timers.o(.text)
    .text                                    0x08005974   Section        2  use_no_semi_2.o(.text)
    .text                                    0x08005978   Section        0  noretval__2printf.o(.text)
    .text                                    0x08005990   Section      138  rt_memcpy_v6.o(.text)
    .text                                    0x08005a1a   Section       16  aeabi_memset.o(.text)
    .text                                    0x08005a2a   Section       68  rt_memclr.o(.text)
    .text                                    0x08005a6e   Section       78  rt_memclr_w.o(.text)
    .text                                    0x08005abc   Section        0  heapauxi.o(.text)
    .text                                    0x08005ac2   Section        2  use_no_semi.o(.text)
    .text                                    0x08005ac4   Section        0  _printf_char_file.o(.text)
    .text                                    0x08005ae8   Section      100  rt_memcpy_w.o(.text)
    .text                                    0x08005b4c   Section        0  _printf_char_common.o(.text)
    _printf_input_char                       0x08005b4d   Thumb Code    10  _printf_char_common.o(.text)
    .text                                    0x08005b7c   Section        0  ferror.o(.text)
    .text                                    0x08005b84   Section       74  sys_stackheap_outer.o(.text)
    .text                                    0x08005bce   Section        0  __printf_nopercent.o(.text)
    .text                                    0x08005bf6   Section        0  exit.o(.text)
    .text                                    0x08005c08   Section        8  libspace.o(.text)
    x$fpl$fpinit                             0x08005c10   Section       10  fpinit.o(x$fpl$fpinit)
    $v0                                      0x08005c10   Number         0  fpinit.o(x$fpl$fpinit)
    .data                                    0x20000000   Section       20  system_stm32f4xx.o(.data)
    .data                                    0x20000014   Section       16  stm32f4xx_rcc.o(.data)
    APBAHBPrescTable                         0x20000014   Data          16  stm32f4xx_rcc.o(.data)
    .data                                    0x20000024   Section        4  delay.o(.data)
    fac_us                                   0x20000024   Data           1  delay.o(.data)
    fac_ms                                   0x20000026   Data           2  delay.o(.data)
    .data                                    0x20000028   Section        6  usart.o(.data)
    .data                                    0x20000030   Section       28  heap_4.o(.data)
    xStart                                   0x20000030   Data           8  heap_4.o(.data)
    pxEnd                                    0x20000038   Data           4  heap_4.o(.data)
    xFreeBytesRemaining                      0x2000003c   Data           4  heap_4.o(.data)
    xMinimumEverFreeBytesRemaining           0x20000040   Data           4  heap_4.o(.data)
    xNumberOfSuccessfulAllocations           0x20000044   Data           4  heap_4.o(.data)
    xNumberOfSuccessfulFrees                 0x20000048   Data           4  heap_4.o(.data)
    .data                                    0x2000004c   Section       12  port.o(.data)
    uxCriticalNesting                        0x2000004c   Data           4  port.o(.data)
    ucMaxSysCallPriority                     0x20000050   Data           1  port.o(.data)
    ulMaxPRIGROUPValue                       0x20000054   Data           4  port.o(.data)
    .data                                    0x20000058   Section       64  tasks.o(.data)
    pxDelayedTaskList                        0x2000005c   Data           4  tasks.o(.data)
    pxOverflowDelayedTaskList                0x20000060   Data           4  tasks.o(.data)
    uxDeletedTasksWaitingCleanUp             0x20000064   Data           4  tasks.o(.data)
    uxCurrentNumberOfTasks                   0x20000068   Data           4  tasks.o(.data)
    xTickCount                               0x2000006c   Data           4  tasks.o(.data)
    uxTopReadyPriority                       0x20000070   Data           4  tasks.o(.data)
    xSchedulerRunning                        0x20000074   Data           4  tasks.o(.data)
    xPendedTicks                             0x20000078   Data           4  tasks.o(.data)
    xYieldPendings                           0x2000007c   Data           4  tasks.o(.data)
    xNumOfOverflows                          0x20000080   Data           4  tasks.o(.data)
    uxTaskNumber                             0x20000084   Data           4  tasks.o(.data)
    xNextTaskUnblockTime                     0x20000088   Data           4  tasks.o(.data)
    xIdleTaskHandles                         0x2000008c   Data           4  tasks.o(.data)
    uxTopUsedPriority                        0x20000090   Data           4  tasks.o(.data)
    uxSchedulerSuspended                     0x20000094   Data           4  tasks.o(.data)
    .data                                    0x20000098   Section       20  timers.o(.data)
    pxCurrentTimerList                       0x20000098   Data           4  timers.o(.data)
    pxOverflowTimerList                      0x2000009c   Data           4  timers.o(.data)
    xTimerQueue                              0x200000a0   Data           4  timers.o(.data)
    xTimerTaskHandle                         0x200000a4   Data           4  timers.o(.data)
    xLastTime                                0x200000a8   Data           4  timers.o(.data)
    .bss                                     0x200000ac   Section      200  usart.o(.bss)
    .bss                                     0x20000174   Section    76800  heap_4.o(.bss)
    ucHeap                                   0x20000174   Data       76800  heap_4.o(.bss)
    .bss                                     0x20012d74   Section       64  queue.o(.bss)
    .bss                                     0x20012db4   Section      200  tasks.o(.bss)
    pxReadyTasksLists                        0x20012db4   Data         100  tasks.o(.bss)
    xDelayedTaskList1                        0x20012e18   Data          20  tasks.o(.bss)
    xDelayedTaskList2                        0x20012e2c   Data          20  tasks.o(.bss)
    xPendingReadyList                        0x20012e40   Data          20  tasks.o(.bss)
    xTasksWaitingTermination                 0x20012e54   Data          20  tasks.o(.bss)
    xSuspendedTaskList                       0x20012e68   Data          20  tasks.o(.bss)
    .bss                                     0x20012e7c   Section       40  timers.o(.bss)
    xActiveTimerList1                        0x20012e7c   Data          20  timers.o(.bss)
    xActiveTimerList2                        0x20012e90   Data          20  timers.o(.bss)
    .bss                                     0x20012ea4   Section       96  libspace.o(.bss)
    HEAP                                     0x20012f08   Section      512  startup_stm32f40_41xxx.o(HEAP)
    Heap_Mem                                 0x20012f08   Data         512  startup_stm32f40_41xxx.o(HEAP)
    STACK                                    0x20013108   Section     1024  startup_stm32f40_41xxx.o(STACK)
    Stack_Mem                                0x20013108   Data        1024  startup_stm32f40_41xxx.o(STACK)
    __initial_sp                             0x20013508   Data           0  startup_stm32f40_41xxx.o(STACK)

    Global Symbols

    Symbol Name                              Value     Ov Type        Size  Object(Section)

    BuildAttributes$$THM_ISAv4$E$P$D$K$B$S$7EM$VFPi3$EXTD16$VFPS$VFMA$PE$A:L22UL41UL21$X:L11$S22US41US21$IEEE1$IW$USESV6$~STKCKD$USESV7$~SHL$OSPACE$ROPI$EBA8$UX$STANDARDLIB$REQ8$PRES8$EABIv2 0x00000000   Number         0  anon$$obj.o ABSOLUTE
    __ARM_use_no_argv                        0x00000000   Number         0  main.o ABSOLUTE
    __ARM_exceptions_init                     - Undefined Weak Reference
    __alloca_initialize                       - Undefined Weak Reference
    __arm_fini_                               - Undefined Weak Reference
    __arm_preinit_                            - Undefined Weak Reference
    __cpp_initialize__aeabi_                  - Undefined Weak Reference
    __cxa_finalize                            - Undefined Weak Reference
    __rt_locale                               - Undefined Weak Reference
    __sigvec_lookup                           - Undefined Weak Reference
    _atexit_init                              - Undefined Weak Reference
    _call_atexit_fns                          - Undefined Weak Reference
    _clock_init                               - Undefined Weak Reference
    _fp_trap_init                             - Undefined Weak Reference
    _fp_trap_shutdown                         - Undefined Weak Reference
    _get_lc_collate                           - Undefined Weak Reference
    _get_lc_ctype                             - Undefined Weak Reference
    _get_lc_monetary                          - Undefined Weak Reference
    _get_lc_numeric                           - Undefined Weak Reference
    _get_lc_time                              - Undefined Weak Reference
    _getenv_init                              - Undefined Weak Reference
    _handle_redirection                       - Undefined Weak Reference
    _init_alloc                               - Undefined Weak Reference
    _init_user_alloc                          - Undefined Weak Reference
    _initio                                   - Undefined Weak Reference
    _mutex_acquire                            - Undefined Weak Reference
    _mutex_release                            - Undefined Weak Reference
    _rand_init                                - Undefined Weak Reference
    _signal_finish                            - Undefined Weak Reference
    _signal_init                              - Undefined Weak Reference
    _terminate_alloc                          - Undefined Weak Reference
    _terminate_user_alloc                     - Undefined Weak Reference
    _terminateio                              - Undefined Weak Reference
    __Vectors_Size                           0x00000188   Number         0  startup_stm32f40_41xxx.o ABSOLUTE
    __Vectors                                0x08000000   Data           4  startup_stm32f40_41xxx.o(RESET)
    __Vectors_End                            0x08000188   Data           0  startup_stm32f40_41xxx.o(RESET)
    __main                                   0x08000189   Thumb Code     8  __main.o(!!!main)
    __scatterload                            0x08000191   Thumb Code     0  __scatter.o(!!!scatter)
    __scatterload_rt2                        0x08000191   Thumb Code    44  __scatter.o(!!!scatter)
    __scatterload_rt2_thumb_only             0x08000191   Thumb Code     0  __scatter.o(!!!scatter)
    __scatterload_null                       0x0800019f   Thumb Code     0  __scatter.o(!!!scatter)
    __scatterload_copy                       0x080001c5   Thumb Code    26  __scatter_copy.o(!!handler_copy)
    __scatterload_zeroinit                   0x080001e1   Thumb Code    28  __scatter_zi.o(!!handler_zi)
    __rt_lib_init                            0x080001fd   Thumb Code     0  libinit.o(.ARM.Collect$$libinit$$00000000)
    __rt_lib_init_fp_1                       0x080001ff   Thumb Code     0  libinit2.o(.ARM.Collect$$libinit$$00000001)
    __rt_lib_init_alloca_1                   0x08000203   Thumb Code     0  libinit2.o(.ARM.Collect$$libinit$$0000002E)
    __rt_lib_init_argv_1                     0x08000203   Thumb Code     0  libinit2.o(.ARM.Collect$$libinit$$0000002C)
    __rt_lib_init_atexit_1                   0x08000203   Thumb Code     0  libinit2.o(.ARM.Collect$$libinit$$0000001B)
    __rt_lib_init_clock_1                    0x08000203   Thumb Code     0  libinit2.o(.ARM.Collect$$libinit$$00000021)
    __rt_lib_init_cpp_1                      0x08000203   Thumb Code     0  libinit2.o(.ARM.Collect$$libinit$$00000032)
    __rt_lib_init_exceptions_1               0x08000203   Thumb Code     0  libinit2.o(.ARM.Collect$$libinit$$00000030)
    __rt_lib_init_fp_trap_1                  0x08000203   Thumb Code     0  libinit2.o(.ARM.Collect$$libinit$$0000001F)
    __rt_lib_init_getenv_1                   0x08000203   Thumb Code     0  libinit2.o(.ARM.Collect$$libinit$$00000023)
    __rt_lib_init_heap_1                     0x08000203   Thumb Code     0  libinit2.o(.ARM.Collect$$libinit$$0000000A)
    __rt_lib_init_lc_collate_1               0x08000203   Thumb Code     0  libinit2.o(.ARM.Collect$$libinit$$00000011)
    __rt_lib_init_lc_ctype_1                 0x08000203   Thumb Code     0  libinit2.o(.ARM.Collect$$libinit$$00000013)
    __rt_lib_init_lc_monetary_1              0x08000203   Thumb Code     0  libinit2.o(.ARM.Collect$$libinit$$00000015)
    __rt_lib_init_lc_numeric_1               0x08000203   Thumb Code     0  libinit2.o(.ARM.Collect$$libinit$$00000017)
    __rt_lib_init_lc_time_1                  0x08000203   Thumb Code     0  libinit2.o(.ARM.Collect$$libinit$$00000019)
    __rt_lib_init_preinit_1                  0x08000203   Thumb Code     0  libinit2.o(.ARM.Collect$$libinit$$00000004)
    __rt_lib_init_rand_1                     0x08000203   Thumb Code     0  libinit2.o(.ARM.Collect$$libinit$$0000000E)
    __rt_lib_init_return                     0x08000203   Thumb Code     0  libinit2.o(.ARM.Collect$$libinit$$00000033)
    __rt_lib_init_signal_1                   0x08000203   Thumb Code     0  libinit2.o(.ARM.Collect$$libinit$$0000001D)
    __rt_lib_init_stdio_1                    0x08000203   Thumb Code     0  libinit2.o(.ARM.Collect$$libinit$$00000025)
    __rt_lib_init_user_alloc_1               0x08000203   Thumb Code     0  libinit2.o(.ARM.Collect$$libinit$$0000000C)
    __rt_lib_shutdown                        0x08000205   Thumb Code     0  libshutdown.o(.ARM.Collect$$libshutdown$$00000000)
    __rt_lib_shutdown_cpp_1                  0x08000207   Thumb Code     0  libshutdown2.o(.ARM.Collect$$libshutdown$$00000004)
    __rt_lib_shutdown_fini_1                 0x08000207   Thumb Code     0  libshutdown2.o(.ARM.Collect$$libshutdown$$00000002)
    __rt_lib_shutdown_fp_trap_1              0x08000207   Thumb Code     0  libshutdown2.o(.ARM.Collect$$libshutdown$$00000009)
    __rt_lib_shutdown_heap_1                 0x08000207   Thumb Code     0  libshutdown2.o(.ARM.Collect$$libshutdown$$00000011)
    __rt_lib_shutdown_return                 0x08000207   Thumb Code     0  libshutdown2.o(.ARM.Collect$$libshutdown$$00000012)
    __rt_lib_shutdown_signal_1               0x08000207   Thumb Code     0  libshutdown2.o(.ARM.Collect$$libshutdown$$0000000C)
    __rt_lib_shutdown_stdio_1                0x08000207   Thumb Code     0  libshutdown2.o(.ARM.Collect$$libshutdown$$00000006)
    __rt_lib_shutdown_user_alloc_1           0x08000207   Thumb Code     0  libshutdown2.o(.ARM.Collect$$libshutdown$$0000000E)
    __rt_entry                               0x08000209   Thumb Code     0  __rtentry.o(.ARM.Collect$$rtentry$$00000000)
    __rt_entry_presh_1                       0x08000209   Thumb Code     0  __rtentry2.o(.ARM.Collect$$rtentry$$00000002)
    __rt_entry_sh                            0x08000209   Thumb Code     0  __rtentry4.o(.ARM.Collect$$rtentry$$00000004)
    __rt_entry_li                            0x0800020f   Thumb Code     0  __rtentry2.o(.ARM.Collect$$rtentry$$0000000A)
    __rt_entry_postsh_1                      0x0800020f   Thumb Code     0  __rtentry2.o(.ARM.Collect$$rtentry$$00000009)
    __rt_entry_main                          0x08000213   Thumb Code     0  __rtentry2.o(.ARM.Collect$$rtentry$$0000000D)
    __rt_entry_postli_1                      0x08000213   Thumb Code     0  __rtentry2.o(.ARM.Collect$$rtentry$$0000000C)
    __rt_exit                                0x0800021b   Thumb Code     0  rtexit.o(.ARM.Collect$$rtexit$$00000000)
    __rt_exit_ls                             0x0800021d   Thumb Code     0  rtexit2.o(.ARM.Collect$$rtexit$$00000003)
    __rt_exit_prels_1                        0x0800021d   Thumb Code     0  rtexit2.o(.ARM.Collect$$rtexit$$00000002)
    __rt_exit_exit                           0x08000221   Thumb Code     0  rtexit2.o(.ARM.Collect$$rtexit$$00000004)
    SVC_Handler                              0x08000229   Thumb Code    28  port.o(.emb_text)
    __asm___6_port_c_39a90d8d__prvStartFirstTask 0x08000249   Thumb Code    36  port.o(.emb_text)
    __asm___6_port_c_39a90d8d__prvEnableVFP  0x08000271   Thumb Code    16  port.o(.emb_text)
    PendSV_Handler                           0x08000285   Thumb Code    88  port.o(.emb_text)
    vPortGetIPSR                             0x080002e1   Thumb Code     6  port.o(.emb_text)
    main                                     0x080002e9   Thumb Code    62  main.o(.text)
    NMI_Handler                              0x080003e9   Thumb Code     2  stm32f4xx_it.o(.text)
    HardFault_Handler                        0x080003eb   Thumb Code     4  stm32f4xx_it.o(.text)
    MemManage_Handler                        0x080003ef   Thumb Code     4  stm32f4xx_it.o(.text)
    BusFault_Handler                         0x080003f3   Thumb Code     4  stm32f4xx_it.o(.text)
    UsageFault_Handler                       0x080003f7   Thumb Code     4  stm32f4xx_it.o(.text)
    DebugMon_Handler                         0x080003fb   Thumb Code     2  stm32f4xx_it.o(.text)
    SystemInit                               0x080004d9   Thumb Code    88  system_stm32f4xx.o(.text)
    SystemCoreClockUpdate                    0x08000531   Thumb Code   174  system_stm32f4xx.o(.text)
    Reset_Handler                            0x0800060d   Thumb Code     8  startup_stm32f40_41xxx.o(.text)
    ADC_IRQHandler                           0x08000627   Thumb Code     0  startup_stm32f40_41xxx.o(.text)
    CAN1_RX0_IRQHandler                      0x08000627   Thumb Code     0  startup_stm32f40_41xxx.o(.text)
    CAN1_RX1_IRQHandler                      0x08000627   Thumb Code     0  startup_stm32f40_41xxx.o(.text)
    CAN1_SCE_IRQHandler                      0x08000627   Thumb Code     0  startup_stm32f40_41xxx.o(.text)
    CAN1_TX_IRQHandler                       0x08000627   Thumb Code     0  startup_stm32f40_41xxx.o(.text)
    CAN2_RX0_IRQHandler                      0x08000627   Thumb Code     0  startup_stm32f40_41xxx.o(.text)
    CAN2_RX1_IRQHandler                      0x08000627   Thumb Code     0  startup_stm32f40_41xxx.o(.text)
    CAN2_SCE_IRQHandler                      0x08000627   Thumb Code     0  startup_stm32f40_41xxx.o(.text)
    CAN2_TX_IRQHandler                       0x08000627   Thumb Code     0  startup_stm32f40_41xxx.o(.text)
    CRYP_IRQHandler                          0x08000627   Thumb Code     0  startup_stm32f40_41xxx.o(.text)
    DCMI_IRQHandler                          0x08000627   Thumb Code     0  startup_stm32f40_41xxx.o(.text)
    DMA1_Stream0_IRQHandler                  0x08000627   Thumb Code     0  startup_stm32f40_41xxx.o(.text)
    DMA1_Stream1_IRQHandler                  0x08000627   Thumb Code     0  startup_stm32f40_41xxx.o(.text)
    DMA1_Stream2_IRQHandler                  0x08000627   Thumb Code     0  startup_stm32f40_41xxx.o(.text)
    DMA1_Stream3_IRQHandler                  0x08000627   Thumb Code     0  startup_stm32f40_41xxx.o(.text)
    DMA1_Stream4_IRQHandler                  0x08000627   Thumb Code     0  startup_stm32f40_41xxx.o(.text)
    DMA1_Stream5_IRQHandler                  0x08000627   Thumb Code     0  startup_stm32f40_41xxx.o(.text)
    DMA1_Stream6_IRQHandler                  0x08000627   Thumb Code     0  startup_stm32f40_41xxx.o(.text)
    DMA1_Stream7_IRQHandler                  0x08000627   Thumb Code     0  startup_stm32f40_41xxx.o(.text)
    DMA2_Stream0_IRQHandler                  0x08000627   Thumb Code     0  startup_stm32f40_41xxx.o(.text)
    DMA2_Stream1_IRQHandler                  0x08000627   Thumb Code     0  startup_stm32f40_41xxx.o(.text)
    DMA2_Stream2_IRQHandler                  0x08000627   Thumb Code     0  startup_stm32f40_41xxx.o(.text)
    DMA2_Stream3_IRQHandler                  0x08000627   Thumb Code     0  startup_stm32f40_41xxx.o(.text)
    DMA2_Stream4_IRQHandler                  0x08000627   Thumb Code     0  startup_stm32f40_41xxx.o(.text)
    DMA2_Stream5_IRQHandler                  0x08000627   Thumb Code     0  startup_stm32f40_41xxx.o(.text)
    DMA2_Stream6_IRQHandler                  0x08000627   Thumb Code     0  startup_stm32f40_41xxx.o(.text)
    DMA2_Stream7_IRQHandler                  0x08000627   Thumb Code     0  startup_stm32f40_41xxx.o(.text)
    ETH_IRQHandler                           0x08000627   Thumb Code     0  startup_stm32f40_41xxx.o(.text)
    ETH_WKUP_IRQHandler                      0x08000627   Thumb Code     0  startup_stm32f40_41xxx.o(.text)
    EXTI0_IRQHandler                         0x08000627   Thumb Code     0  startup_stm32f40_41xxx.o(.text)
    EXTI15_10_IRQHandler                     0x08000627   Thumb Code     0  startup_stm32f40_41xxx.o(.text)
    EXTI1_IRQHandler                         0x08000627   Thumb Code     0  startup_stm32f40_41xxx.o(.text)
    EXTI2_IRQHandler                         0x08000627   Thumb Code     0  startup_stm32f40_41xxx.o(.text)
    EXTI3_IRQHandler                         0x08000627   Thumb Code     0  startup_stm32f40_41xxx.o(.text)
    EXTI4_IRQHandler                         0x08000627   Thumb Code     0  startup_stm32f40_41xxx.o(.text)
    EXTI9_5_IRQHandler                       0x08000627   Thumb Code     0  startup_stm32f40_41xxx.o(.text)
    FLASH_IRQHandler                         0x08000627   Thumb Code     0  startup_stm32f40_41xxx.o(.text)
    FPU_IRQHandler                           0x08000627   Thumb Code     0  startup_stm32f40_41xxx.o(.text)
    FSMC_IRQHandler                          0x08000627   Thumb Code     0  startup_stm32f40_41xxx.o(.text)
    HASH_RNG_IRQHandler                      0x08000627   Thumb Code     0  startup_stm32f40_41xxx.o(.text)
    I2C1_ER_IRQHandler                       0x08000627   Thumb Code     0  startup_stm32f40_41xxx.o(.text)
    I2C1_EV_IRQHandler                       0x08000627   Thumb Code     0  startup_stm32f40_41xxx.o(.text)
    I2C2_ER_IRQHandler                       0x08000627   Thumb Code     0  startup_stm32f40_41xxx.o(.text)
    I2C2_EV_IRQHandler                       0x08000627   Thumb Code     0  startup_stm32f40_41xxx.o(.text)
    I2C3_ER_IRQHandler                       0x08000627   Thumb Code     0  startup_stm32f40_41xxx.o(.text)
    I2C3_EV_IRQHandler                       0x08000627   Thumb Code     0  startup_stm32f40_41xxx.o(.text)
    OTG_FS_IRQHandler                        0x08000627   Thumb Code     0  startup_stm32f40_41xxx.o(.text)
    OTG_FS_WKUP_IRQHandler                   0x08000627   Thumb Code     0  startup_stm32f40_41xxx.o(.text)
    OTG_HS_EP1_IN_IRQHandler                 0x08000627   Thumb Code     0  startup_stm32f40_41xxx.o(.text)
    OTG_HS_EP1_OUT_IRQHandler                0x08000627   Thumb Code     0  startup_stm32f40_41xxx.o(.text)
    OTG_HS_IRQHandler                        0x08000627   Thumb Code     0  startup_stm32f40_41xxx.o(.text)
    OTG_HS_WKUP_IRQHandler                   0x08000627   Thumb Code     0  startup_stm32f40_41xxx.o(.text)
    PVD_IRQHandler                           0x08000627   Thumb Code     0  startup_stm32f40_41xxx.o(.text)
    RCC_IRQHandler                           0x08000627   Thumb Code     0  startup_stm32f40_41xxx.o(.text)
    RTC_Alarm_IRQHandler                     0x08000627   Thumb Code     0  startup_stm32f40_41xxx.o(.text)
    RTC_WKUP_IRQHandler                      0x08000627   Thumb Code     0  startup_stm32f40_41xxx.o(.text)
    SDIO_IRQHandler                          0x08000627   Thumb Code     0  startup_stm32f40_41xxx.o(.text)
    SPI1_IRQHandler                          0x08000627   Thumb Code     0  startup_stm32f40_41xxx.o(.text)
    SPI2_IRQHandler                          0x08000627   Thumb Code     0  startup_stm32f40_41xxx.o(.text)
    SPI3_IRQHandler                          0x08000627   Thumb Code     0  startup_stm32f40_41xxx.o(.text)
    TAMP_STAMP_IRQHandler                    0x08000627   Thumb Code     0  startup_stm32f40_41xxx.o(.text)
    TIM1_BRK_TIM9_IRQHandler                 0x08000627   Thumb Code     0  startup_stm32f40_41xxx.o(.text)
    TIM1_CC_IRQHandler                       0x08000627   Thumb Code     0  startup_stm32f40_41xxx.o(.text)
    TIM1_TRG_COM_TIM11_IRQHandler            0x08000627   Thumb Code     0  startup_stm32f40_41xxx.o(.text)
    TIM1_UP_TIM10_IRQHandler                 0x08000627   Thumb Code     0  startup_stm32f40_41xxx.o(.text)
    TIM2_IRQHandler                          0x08000627   Thumb Code     0  startup_stm32f40_41xxx.o(.text)
    TIM3_IRQHandler                          0x08000627   Thumb Code     0  startup_stm32f40_41xxx.o(.text)
    TIM4_IRQHandler                          0x08000627   Thumb Code     0  startup_stm32f40_41xxx.o(.text)
    TIM5_IRQHandler                          0x08000627   Thumb Code     0  startup_stm32f40_41xxx.o(.text)
    TIM6_DAC_IRQHandler                      0x08000627   Thumb Code     0  startup_stm32f40_41xxx.o(.text)
    TIM7_IRQHandler                          0x08000627   Thumb Code     0  startup_stm32f40_41xxx.o(.text)
    TIM8_BRK_TIM12_IRQHandler                0x08000627   Thumb Code     0  startup_stm32f40_41xxx.o(.text)
    TIM8_CC_IRQHandler                       0x08000627   Thumb Code     0  startup_stm32f40_41xxx.o(.text)
    TIM8_TRG_COM_TIM14_IRQHandler            0x08000627   Thumb Code     0  startup_stm32f40_41xxx.o(.text)
    TIM8_UP_TIM13_IRQHandler                 0x08000627   Thumb Code     0  startup_stm32f40_41xxx.o(.text)
    UART4_IRQHandler                         0x08000627   Thumb Code     0  startup_stm32f40_41xxx.o(.text)
    UART5_IRQHandler                         0x08000627   Thumb Code     0  startup_stm32f40_41xxx.o(.text)
    USART2_IRQHandler                        0x08000627   Thumb Code     0  startup_stm32f40_41xxx.o(.text)
    USART3_IRQHandler                        0x08000627   Thumb Code     0  startup_stm32f40_41xxx.o(.text)
    USART6_IRQHandler                        0x08000627   Thumb Code     0  startup_stm32f40_41xxx.o(.text)
    WWDG_IRQHandler                          0x08000627   Thumb Code     0  startup_stm32f40_41xxx.o(.text)
    __user_initial_stackheap                 0x08000629   Thumb Code     0  startup_stm32f40_41xxx.o(.text)
    NVIC_PriorityGroupConfig                 0x0800064d   Thumb Code    10  misc.o(.text)
    NVIC_Init                                0x08000657   Thumb Code   106  misc.o(.text)
    NVIC_SetVectorTable                      0x080006c1   Thumb Code    14  misc.o(.text)
    NVIC_SystemLPConfig                      0x080006cf   Thumb Code    34  misc.o(.text)
    SysTick_CLKSourceConfig                  0x080006f1   Thumb Code    40  misc.o(.text)
    GPIO_DeInit                              0x0800072d   Thumb Code   268  stm32f4xx_gpio.o(.text)
    GPIO_Init                                0x08000839   Thumb Code   144  stm32f4xx_gpio.o(.text)
    GPIO_StructInit                          0x080008c9   Thumb Code    18  stm32f4xx_gpio.o(.text)
    GPIO_PinLockConfig                       0x080008db   Thumb Code    34  stm32f4xx_gpio.o(.text)
    GPIO_ReadInputDataBit                    0x080008fd   Thumb Code    18  stm32f4xx_gpio.o(.text)
    GPIO_ReadInputData                       0x0800090f   Thumb Code     8  stm32f4xx_gpio.o(.text)
    GPIO_ReadOutputDataBit                   0x08000917   Thumb Code    18  stm32f4xx_gpio.o(.text)
    GPIO_ReadOutputData                      0x08000929   Thumb Code     8  stm32f4xx_gpio.o(.text)
    GPIO_SetBits                             0x08000931   Thumb Code     4  stm32f4xx_gpio.o(.text)
    GPIO_ResetBits                           0x08000935   Thumb Code     4  stm32f4xx_gpio.o(.text)
    GPIO_WriteBit                            0x08000939   Thumb Code    10  stm32f4xx_gpio.o(.text)
    GPIO_Write                               0x08000943   Thumb Code     4  stm32f4xx_gpio.o(.text)
    GPIO_ToggleBits                          0x08000947   Thumb Code     8  stm32f4xx_gpio.o(.text)
    GPIO_PinAFConfig                         0x0800094f   Thumb Code    70  stm32f4xx_gpio.o(.text)
    RCC_DeInit                               0x080009c1   Thumb Code    82  stm32f4xx_rcc.o(.text)
    RCC_HSEConfig                            0x08000a13   Thumb Code    14  stm32f4xx_rcc.o(.text)
    RCC_GetFlagStatus                        0x08000a21   Thumb Code    60  stm32f4xx_rcc.o(.text)
    RCC_WaitForHSEStartUp                    0x08000a5d   Thumb Code    56  stm32f4xx_rcc.o(.text)
    RCC_AdjustHSICalibrationValue            0x08000a95   Thumb Code    20  stm32f4xx_rcc.o(.text)
    RCC_HSICmd                               0x08000aa9   Thumb Code     6  stm32f4xx_rcc.o(.text)
    RCC_LSEConfig                            0x08000aaf   Thumb Code    46  stm32f4xx_rcc.o(.text)
    RCC_LSICmd                               0x08000add   Thumb Code     6  stm32f4xx_rcc.o(.text)
    RCC_PLLConfig                            0x08000ae3   Thumb Code    32  stm32f4xx_rcc.o(.text)
    RCC_PLLCmd                               0x08000b03   Thumb Code     6  stm32f4xx_rcc.o(.text)
    RCC_PLLI2SConfig                         0x08000b09   Thumb Code    14  stm32f4xx_rcc.o(.text)
    RCC_PLLI2SCmd                            0x08000b17   Thumb Code     6  stm32f4xx_rcc.o(.text)
    RCC_PLLSAIConfig                         0x08000b1d   Thumb Code    20  stm32f4xx_rcc.o(.text)
    RCC_PLLSAICmd                            0x08000b31   Thumb Code     6  stm32f4xx_rcc.o(.text)
    RCC_ClockSecuritySystemCmd               0x08000b37   Thumb Code     6  stm32f4xx_rcc.o(.text)
    RCC_MCO1Config                           0x08000b3d   Thumb Code    28  stm32f4xx_rcc.o(.text)
    RCC_MCO2Config                           0x08000b59   Thumb Code    28  stm32f4xx_rcc.o(.text)
    RCC_SYSCLKConfig                         0x08000b75   Thumb Code    20  stm32f4xx_rcc.o(.text)
    RCC_GetSYSCLKSource                      0x08000b89   Thumb Code    12  stm32f4xx_rcc.o(.text)
    RCC_HCLKConfig                           0x08000b95   Thumb Code    20  stm32f4xx_rcc.o(.text)
    RCC_PCLK1Config                          0x08000ba9   Thumb Code    20  stm32f4xx_rcc.o(.text)
    RCC_PCLK2Config                          0x08000bbd   Thumb Code    22  stm32f4xx_rcc.o(.text)
    RCC_GetClocksFreq                        0x08000bd3   Thumb Code   222  stm32f4xx_rcc.o(.text)
    RCC_RTCCLKConfig                         0x08000cb1   Thumb Code    54  stm32f4xx_rcc.o(.text)
    RCC_RTCCLKCmd                            0x08000ce7   Thumb Code     8  stm32f4xx_rcc.o(.text)
    RCC_BackupResetCmd                       0x08000cef   Thumb Code     8  stm32f4xx_rcc.o(.text)
    RCC_I2SCLKConfig                         0x08000cf7   Thumb Code     6  stm32f4xx_rcc.o(.text)
    RCC_SAIPLLI2SClkDivConfig                0x08000cfd   Thumb Code    26  stm32f4xx_rcc.o(.text)
    RCC_SAIPLLSAIClkDivConfig                0x08000d17   Thumb Code    28  stm32f4xx_rcc.o(.text)
    RCC_SAIBlockACLKConfig                   0x08000d33   Thumb Code    20  stm32f4xx_rcc.o(.text)
    RCC_SAIBlockBCLKConfig                   0x08000d47   Thumb Code    20  stm32f4xx_rcc.o(.text)
    RCC_LTDCCLKDivConfig                     0x08000d5b   Thumb Code    20  stm32f4xx_rcc.o(.text)
    RCC_TIMCLKPresConfig                     0x08000d6f   Thumb Code     6  stm32f4xx_rcc.o(.text)
    RCC_AHB1PeriphClockCmd                   0x08000d75   Thumb Code    34  stm32f4xx_rcc.o(.text)
    RCC_AHB2PeriphClockCmd                   0x08000d97   Thumb Code    78  stm32f4xx_rcc.o(.text)
    RCC_AHB3PeriphClockCmd                   0x08000de5   Thumb Code    34  stm32f4xx_rcc.o(.text)
    RCC_APB1PeriphClockCmd                   0x08000e07   Thumb Code    34  stm32f4xx_rcc.o(.text)
    RCC_APB2PeriphClockCmd                   0x08000e29   Thumb Code    34  stm32f4xx_rcc.o(.text)
    RCC_AHB1PeriphResetCmd                   0x08000e4b   Thumb Code    34  stm32f4xx_rcc.o(.text)
    RCC_AHB2PeriphResetCmd                   0x08000e6d   Thumb Code    34  stm32f4xx_rcc.o(.text)
    RCC_AHB3PeriphResetCmd                   0x08000e8f   Thumb Code    34  stm32f4xx_rcc.o(.text)
    RCC_APB1PeriphResetCmd                   0x08000eb1   Thumb Code    34  stm32f4xx_rcc.o(.text)
    RCC_APB2PeriphResetCmd                   0x08000ed3   Thumb Code    34  stm32f4xx_rcc.o(.text)
    RCC_AHB1PeriphClockLPModeCmd             0x08000ef5   Thumb Code    34  stm32f4xx_rcc.o(.text)
    RCC_AHB2PeriphClockLPModeCmd             0x08000f17   Thumb Code    34  stm32f4xx_rcc.o(.text)
    RCC_AHB3PeriphClockLPModeCmd             0x08000f39   Thumb Code    34  stm32f4xx_rcc.o(.text)
    RCC_APB1PeriphClockLPModeCmd             0x08000f5b   Thumb Code    34  stm32f4xx_rcc.o(.text)
    RCC_APB2PeriphClockLPModeCmd             0x08000f7d   Thumb Code    34  stm32f4xx_rcc.o(.text)
    RCC_LSEModeConfig                        0x08000f9f   Thumb Code    40  stm32f4xx_rcc.o(.text)
    RCC_ITConfig                             0x08000fc7   Thumb Code    34  stm32f4xx_rcc.o(.text)
    RCC_ClearFlag                            0x08000fe9   Thumb Code    18  stm32f4xx_rcc.o(.text)
    RCC_GetITStatus                          0x08000ffb   Thumb Code    22  stm32f4xx_rcc.o(.text)
    RCC_ClearITPendingBit                    0x08001011   Thumb Code     8  stm32f4xx_rcc.o(.text)
    USART_DeInit                             0x0800101d   Thumb Code   206  stm32f4xx_usart.o(.text)
    USART_Init                               0x080010eb   Thumb Code   204  stm32f4xx_usart.o(.text)
    USART_StructInit                         0x080011b7   Thumb Code    24  stm32f4xx_usart.o(.text)
    USART_ClockInit                          0x080011cf   Thumb Code    32  stm32f4xx_usart.o(.text)
    USART_ClockStructInit                    0x080011ef   Thumb Code    12  stm32f4xx_usart.o(.text)
    USART_Cmd                                0x080011fb   Thumb Code    24  stm32f4xx_usart.o(.text)
    USART_SetPrescaler                       0x08001213   Thumb Code    16  stm32f4xx_usart.o(.text)
    USART_OverSampling8Cmd                   0x08001223   Thumb Code    22  stm32f4xx_usart.o(.text)
    USART_OneBitMethodCmd                    0x08001239   Thumb Code    24  stm32f4xx_usart.o(.text)
    USART_SendData                           0x08001251   Thumb Code     8  stm32f4xx_usart.o(.text)
    USART_ReceiveData                        0x08001259   Thumb Code    10  stm32f4xx_usart.o(.text)
    USART_SetAddress                         0x08001263   Thumb Code    18  stm32f4xx_usart.o(.text)
    USART_ReceiverWakeUpCmd                  0x08001275   Thumb Code    24  stm32f4xx_usart.o(.text)
    USART_WakeUpConfig                       0x0800128d   Thumb Code    18  stm32f4xx_usart.o(.text)
    USART_LINBreakDetectLengthConfig         0x0800129f   Thumb Code    18  stm32f4xx_usart.o(.text)
    USART_LINCmd                             0x080012b1   Thumb Code    24  stm32f4xx_usart.o(.text)
    USART_SendBreak                          0x080012c9   Thumb Code    10  stm32f4xx_usart.o(.text)
    USART_HalfDuplexCmd                      0x080012d3   Thumb Code    24  stm32f4xx_usart.o(.text)
    USART_SetGuardTime                       0x080012eb   Thumb Code    16  stm32f4xx_usart.o(.text)
    USART_SmartCardCmd                       0x080012fb   Thumb Code    24  stm32f4xx_usart.o(.text)
    USART_SmartCardNACKCmd                   0x08001313   Thumb Code    24  stm32f4xx_usart.o(.text)
    USART_IrDAConfig                         0x0800132b   Thumb Code    18  stm32f4xx_usart.o(.text)
    USART_IrDACmd                            0x0800133d   Thumb Code    24  stm32f4xx_usart.o(.text)
    USART_DMACmd                             0x08001355   Thumb Code    18  stm32f4xx_usart.o(.text)
    USART_ITConfig                           0x08001367   Thumb Code    74  stm32f4xx_usart.o(.text)
    USART_GetFlagStatus                      0x080013b1   Thumb Code    26  stm32f4xx_usart.o(.text)
    USART_ClearFlag                          0x080013cb   Thumb Code    18  stm32f4xx_usart.o(.text)
    USART_GetITStatus                        0x080013dd   Thumb Code   118  stm32f4xx_usart.o(.text)
    USART_ClearITPendingBit                  0x08001453   Thumb Code    30  stm32f4xx_usart.o(.text)
    delay_init                               0x08001471   Thumb Code    52  delay.o(.text)
    delay_us                                 0x080014a5   Thumb Code    72  delay.o(.text)
    delay_xms                                0x080014ed   Thumb Code    72  delay.o(.text)
    delay_ms                                 0x08001535   Thumb Code    56  delay.o(.text)
    _sys_exit                                0x08001575   Thumb Code     4  usart.o(.text)
    fputc                                    0x08001579   Thumb Code    22  usart.o(.text)
    uart_init                                0x0800158f   Thumb Code   164  usart.o(.text)
    USART1_IRQHandler                        0x08001633   Thumb Code   122  usart.o(.text)
    pvPortMalloc                             0x08001715   Thumb Code   474  heap_4.o(.text)
    vPortFree                                0x0800197f   Thumb Code   174  heap_4.o(.text)
    xPortGetFreeHeapSize                     0x08001a2d   Thumb Code     6  heap_4.o(.text)
    xPortGetMinimumEverFreeHeapSize          0x08001a33   Thumb Code     6  heap_4.o(.text)
    vPortInitialiseBlocks                    0x08001a39   Thumb Code     2  heap_4.o(.text)
    pvPortCalloc                             0x08001a3b   Thumb Code    54  heap_4.o(.text)
    vPortGetHeapStats                        0x08001a71   Thumb Code   138  heap_4.o(.text)
    vPortHeapResetState                      0x08001afb   Thumb Code    24  heap_4.o(.text)
    pxPortInitialiseStack                    0x08001b65   Thumb Code    38  port.o(.text)
    vPortSetupTimerInterrupt                 0x08001b8b   Thumb Code    36  port.o(.text)
    xPortStartScheduler                      0x08001baf   Thumb Code   330  port.o(.text)
    vPortEndScheduler                        0x08001cf9   Thumb Code    42  port.o(.text)
    vPortEnterCritical                       0x08001d23   Thumb Code    78  port.o(.text)
    vPortExitCritical                        0x08001d71   Thumb Code    56  port.o(.text)
    SysTick_Handler                          0x08001da9   Thumb Code    48  port.o(.text)
    vPortValidateInterruptPriority           0x08001dd9   Thumb Code   108  port.o(.text)
    vListInitialise                          0x08001e69   Thumb Code    26  list.o(.text)
    vListInitialiseItem                      0x08001e83   Thumb Code     6  list.o(.text)
    vListInsertEnd                           0x08001e89   Thumb Code    24  list.o(.text)
    vListInsert                              0x08001ea1   Thumb Code    52  list.o(.text)
    uxListRemove                             0x08001ed5   Thumb Code    40  list.o(.text)
    xQueueGenericReset                       0x08001efd   Thumb Code   214  queue.o(.text)
    xQueueGenericCreate                      0x08001ffd   Thumb Code   102  queue.o(.text)
    xQueueGenericSend                        0x0800217d   Thumb Code   420  queue.o(.text)
    xQueueCreateMutex                        0x0800233f   Thumb Code    38  queue.o(.text)
    xQueueGiveMutexRecursive                 0x08002365   Thumb Code    72  queue.o(.text)
    xQueueSemaphoreTake                      0x080023db   Thumb Code   398  queue.o(.text)
    xQueueTakeMutexRecursive                 0x08002569   Thumb Code    78  queue.o(.text)
    xQueueCreateCountingSemaphore            0x080025b7   Thumb Code    60  queue.o(.text)
    xQueueGenericSendFromISR                 0x080025f3   Thumb Code   298  queue.o(.text)
    xQueueGiveFromISR                        0x0800271d   Thumb Code   274  queue.o(.text)
    xQueueReceive                            0x0800285d   Thumb Code   356  queue.o(.text)
    xQueuePeek                               0x080029c1   Thumb Code   362  queue.o(.text)
    xQueueReceiveFromISR                     0x08002b2b   Thumb Code   254  queue.o(.text)
    xQueuePeekFromISR                        0x08002c29   Thumb Code   176  queue.o(.text)
    uxQueueMessagesWaiting                   0x08002cd9   Thumb Code    46  queue.o(.text)
    uxQueueSpacesAvailable                   0x08002d07   Thumb Code    48  queue.o(.text)
    uxQueueMessagesWaitingFromISR            0x08002d37   Thumb Code    34  queue.o(.text)
    vQueueUnregisterQueue                    0x08002d59   Thumb Code    68  queue.o(.text)
    vQueueDelete                             0x08002d9d   Thumb Code    44  queue.o(.text)
    uxQueueGetQueueNumber                    0x08002dc9   Thumb Code     6  queue.o(.text)
    vQueueSetQueueNumber                     0x08002dcf   Thumb Code     4  queue.o(.text)
    ucQueueGetQueueType                      0x08002dd3   Thumb Code     8  queue.o(.text)
    uxQueueGetQueueItemSize                  0x08002ddb   Thumb Code     6  queue.o(.text)
    uxQueueGetQueueLength                    0x08002de1   Thumb Code     6  queue.o(.text)
    xQueueIsQueueEmptyFromISR                0x08002de7   Thumb Code    42  queue.o(.text)
    xQueueIsQueueFullFromISR                 0x08002e11   Thumb Code    46  queue.o(.text)
    vQueueAddToRegistry                      0x08002e3f   Thumb Code    90  queue.o(.text)
    pcQueueGetName                           0x08002e99   Thumb Code    64  queue.o(.text)
    vQueueWaitForMessageRestricted           0x08002ed9   Thumb Code    74  queue.o(.text)
    xTaskCreate                              0x0800316f   Thumb Code    56  tasks.o(.text)
    vTaskDelete                              0x080031e1   Thumb Code   234  tasks.o(.text)
    xTaskIncrementTick                       0x080032cb   Thumb Code   492  tasks.o(.text)
    xTaskResumeAll                           0x080034b7   Thumb Code   382  tasks.o(.text)
    vTaskSuspendAll                          0x080036e3   Thumb Code    12  tasks.o(.text)
    xTaskDelayUntil                          0x080036ef   Thumb Code   202  tasks.o(.text)
    vTaskDelay                               0x080037b9   Thumb Code    82  tasks.o(.text)
    eTaskGetState                            0x0800380b   Thumb Code   214  tasks.o(.text)
    uxTaskPriorityGet                        0x080038e1   Thumb Code    30  tasks.o(.text)
    uxTaskPriorityGetFromISR                 0x080038ff   Thumb Code    62  tasks.o(.text)
    uxTaskBasePriorityGet                    0x0800393d   Thumb Code    30  tasks.o(.text)
    uxTaskBasePriorityGetFromISR             0x0800395b   Thumb Code    62  tasks.o(.text)
    vTaskPrioritySet                         0x08003999   Thumb Code   336  tasks.o(.text)
    vTaskSwitchContext                       0x08003ae9   Thumb Code   126  tasks.o(.text)
    vTaskSuspend                             0x08003b67   Thumb Code   228  tasks.o(.text)
    vTaskResume                              0x08003ce7   Thumb Code   194  tasks.o(.text)
    xTaskResumeFromISR                       0x08003da9   Thumb Code   224  tasks.o(.text)
    vTaskStartScheduler                      0x08003f3b   Thumb Code   106  tasks.o(.text)
    vTaskEndScheduler                        0x08003fa5   Thumb Code    66  tasks.o(.text)
    xTaskGetTickCount                        0x08003fe7   Thumb Code     6  tasks.o(.text)
    xTaskGetTickCountFromISR                 0x08003fed   Thumb Code    16  tasks.o(.text)
    uxTaskGetNumberOfTasks                   0x08003ffd   Thumb Code     6  tasks.o(.text)
    pcTaskGetName                            0x08004003   Thumb Code    44  tasks.o(.text)
    vTaskGetInfo                             0x08004043   Thumb Code   270  tasks.o(.text)
    uxTaskGetSystemState                     0x0800418f   Thumb Code   152  tasks.o(.text)
    xTaskCatchUpTicks                        0x08004227   Thumb Code    72  tasks.o(.text)
    vTaskPlaceOnEventList                    0x0800426f   Thumb Code    52  tasks.o(.text)
    vTaskPlaceOnUnorderedEventList           0x080042a3   Thumb Code   138  tasks.o(.text)
    vTaskPlaceOnEventListRestricted          0x0800432d   Thumb Code    98  tasks.o(.text)
    xTaskRemoveFromEventList                 0x0800438f   Thumb Code   280  tasks.o(.text)
    vTaskRemoveFromUnorderedEventList        0x080044a7   Thumb Code   316  tasks.o(.text)
    vTaskSetTimeOutState                     0x080045e3   Thumb Code    50  tasks.o(.text)
    vTaskInternalSetTimeOutState             0x08004615   Thumb Code    14  tasks.o(.text)
    xTaskCheckForTimeOut                     0x08004623   Thumb Code   136  tasks.o(.text)
    vTaskMissedYield                         0x080046ab   Thumb Code     8  tasks.o(.text)
    uxTaskGetTaskNumber                      0x080046b3   Thumb Code    14  tasks.o(.text)
    vTaskSetTaskNumber                       0x080046c1   Thumb Code     8  tasks.o(.text)
    xTaskGetCurrentTaskHandle                0x080046c9   Thumb Code     6  tasks.o(.text)
    xTaskGetCurrentTaskHandleForCore         0x080046cf   Thumb Code    26  tasks.o(.text)
    xTaskGetSchedulerState                   0x080046e9   Thumb Code    24  tasks.o(.text)
    xTaskPriorityInherit                     0x08004701   Thumb Code   230  tasks.o(.text)
    xTaskPriorityDisinherit                  0x080047e7   Thumb Code   234  tasks.o(.text)
    vTaskPriorityDisinheritAfterTimeout      0x080048d1   Thumb Code   312  tasks.o(.text)
    uxTaskResetEventItemValue                0x08004a09   Thumb Code    24  tasks.o(.text)
    pvTaskIncrementMutexHeldCount            0x08004a21   Thumb Code    14  tasks.o(.text)
    ulTaskGenericNotifyTake                  0x08004a2f   Thumb Code   196  tasks.o(.text)
    xTaskGenericNotifyWait                   0x08004af3   Thumb Code   230  tasks.o(.text)
    xTaskGenericNotify                       0x08004bd9   Thumb Code   458  tasks.o(.text)
    xTaskGenericNotifyFromISR                0x08004da3   Thumb Code   554  tasks.o(.text)
    vTaskGenericNotifyGiveFromISR            0x08004fcd   Thumb Code   384  tasks.o(.text)
    xTaskGenericNotifyStateClear             0x0800514d   Thumb Code    90  tasks.o(.text)
    ulTaskGenericNotifyValueClear            0x080051a7   Thumb Code    90  tasks.o(.text)
    vTaskResetState                          0x08005201   Thumb Code    68  tasks.o(.text)
    xTimerCreateTimerTask                    0x080055a1   Thumb Code    66  timers.o(.text)
    xTimerCreate                             0x0800563b   Thumb Code    54  timers.o(.text)
    xTimerGenericCommandFromTask             0x08005671   Thumb Code   194  timers.o(.text)
    xTimerGenericCommandFromISR              0x08005733   Thumb Code   116  timers.o(.text)
    xTimerGetTimerDaemonTaskHandle           0x080057a7   Thumb Code    42  timers.o(.text)
    xTimerGetPeriod                          0x080057d1   Thumb Code    32  timers.o(.text)
    vTimerSetReloadMode                      0x080057f1   Thumb Code    70  timers.o(.text)
    xTimerGetReloadMode                      0x08005837   Thumb Code    58  timers.o(.text)
    uxTimerGetReloadMode                     0x08005871   Thumb Code    16  timers.o(.text)
    xTimerGetExpiryTime                      0x08005881   Thumb Code    34  timers.o(.text)
    pcTimerGetName                           0x080058a3   Thumb Code    32  timers.o(.text)
    xTimerIsTimerActive                      0x080058c3   Thumb Code    58  timers.o(.text)
    pvTimerGetTimerID                        0x080058fd   Thumb Code    44  timers.o(.text)
    vTimerSetTimerID                         0x08005929   Thumb Code    44  timers.o(.text)
    uxTimerGetTimerNumber                    0x08005955   Thumb Code     6  timers.o(.text)
    vTimerSetTimerNumber                     0x0800595b   Thumb Code     4  timers.o(.text)
    vTimerResetState                         0x0800595f   Thumb Code    12  timers.o(.text)
    __use_no_semihosting                     0x08005975   Thumb Code     2  use_no_semi_2.o(.text)
    __2printf                                0x08005979   Thumb Code    20  noretval__2printf.o(.text)
    __aeabi_memcpy                           0x08005991   Thumb Code     0  rt_memcpy_v6.o(.text)
    __rt_memcpy                              0x08005991   Thumb Code   138  rt_memcpy_v6.o(.text)
    _memcpy_lastbytes                        0x080059f7   Thumb Code     0  rt_memcpy_v6.o(.text)
    __aeabi_memset                           0x08005a1b   Thumb Code    16  aeabi_memset.o(.text)
    __aeabi_memclr                           0x08005a2b   Thumb Code     0  rt_memclr.o(.text)
    __rt_memclr                              0x08005a2b   Thumb Code    68  rt_memclr.o(.text)
    _memset                                  0x08005a2f   Thumb Code     0  rt_memclr.o(.text)
    __aeabi_memclr4                          0x08005a6f   Thumb Code     0  rt_memclr_w.o(.text)
    __aeabi_memclr8                          0x08005a6f   Thumb Code     0  rt_memclr_w.o(.text)
    __rt_memclr_w                            0x08005a6f   Thumb Code    78  rt_memclr_w.o(.text)
    _memset_w                                0x08005a73   Thumb Code     0  rt_memclr_w.o(.text)
    __use_two_region_memory                  0x08005abd   Thumb Code     2  heapauxi.o(.text)
    __rt_heap_escrow$2region                 0x08005abf   Thumb Code     2  heapauxi.o(.text)
    __rt_heap_expand$2region                 0x08005ac1   Thumb Code     2  heapauxi.o(.text)
    __I$use$semihosting                      0x08005ac3   Thumb Code     0  use_no_semi.o(.text)
    __use_no_semihosting_swi                 0x08005ac3   Thumb Code     2  use_no_semi.o(.text)
    _printf_char_file                        0x08005ac5   Thumb Code    32  _printf_char_file.o(.text)
    __aeabi_memcpy4                          0x08005ae9   Thumb Code     0  rt_memcpy_w.o(.text)
    __aeabi_memcpy8                          0x08005ae9   Thumb Code     0  rt_memcpy_w.o(.text)
    __rt_memcpy_w                            0x08005ae9   Thumb Code   100  rt_memcpy_w.o(.text)
    _memcpy_lastbytes_aligned                0x08005b31   Thumb Code     0  rt_memcpy_w.o(.text)
    _printf_char_common                      0x08005b57   Thumb Code    32  _printf_char_common.o(.text)
    ferror                                   0x08005b7d   Thumb Code     8  ferror.o(.text)
    __user_setup_stackheap                   0x08005b85   Thumb Code    74  sys_stackheap_outer.o(.text)
    __printf                                 0x08005bcf   Thumb Code    40  __printf_nopercent.o(.text)
    exit                                     0x08005bf7   Thumb Code    18  exit.o(.text)
    __user_libspace                          0x08005c09   Thumb Code     8  libspace.o(.text)
    __user_perproc_libspace                  0x08005c09   Thumb Code     0  libspace.o(.text)
    __user_perthread_libspace                0x08005c09   Thumb Code     0  libspace.o(.text)
    _fp_init                                 0x08005c11   Thumb Code    10  fpinit.o(x$fpl$fpinit)
    __fplib_config_fpu_vfp                   0x08005c19   Thumb Code     0  fpinit.o(x$fpl$fpinit)
    __fplib_config_pureend_doubles           0x08005c19   Thumb Code     0  fpinit.o(x$fpl$fpinit)
    Region$$Table$$Base                      0x08005c1c   Number         0  anon$$obj.o(Region$$Table)
    Region$$Table$$Limit                     0x08005c3c   Number         0  anon$$obj.o(Region$$Table)
    SystemCoreClock                          0x20000000   Data           4  system_stm32f4xx.o(.data)
    AHBPrescTable                            0x20000004   Data          16  system_stm32f4xx.o(.data)
    __stdout                                 0x20000028   Data           4  usart.o(.data)
    USART_RX_STA                             0x2000002c   Data           2  usart.o(.data)
    pxCurrentTCB                             0x20000058   Data           4  tasks.o(.data)
    USART_RX_BUF                             0x200000ac   Data         200  usart.o(.bss)
    xQueueRegistry                           0x20012d74   Data          64  queue.o(.bss)
    __libspace_start                         0x20012ea4   Data          96  libspace.o(.bss)
    __temporary_stack_top$libspace           0x20012f04   Data           0  libspace.o(.bss)



==============================================================================

Memory Map of the image

  Image Entry point : 0x08000189

  Load Region LR_IROM1 (Base: 0x08000000, Size: 0x00005ce8, Max: 0x00100000, ABSOLUTE)

    Execution Region ER_IROM1 (Exec base: 0x08000000, Load base: 0x08000000, Size: 0x00005c3c, Max: 0x00100000, ABSOLUTE)

    Exec Addr    Load Addr    Size         Type   Attr      Idx    E Section Name        Object

    0x08000000   0x08000000   0x00000188   Data   RO          193    RESET               startup_stm32f40_41xxx.o
    0x08000188   0x08000188   0x00000008   Code   RO         1274  * !!!main             c_w.l(__main.o)
    0x08000190   0x08000190   0x00000034   Code   RO         1443    !!!scatter          c_w.l(__scatter.o)
    0x080001c4   0x080001c4   0x0000001a   Code   RO         1445    !!handler_copy      c_w.l(__scatter_copy.o)
    0x080001de   0x080001de   0x00000002   PAD
    0x080001e0   0x080001e0   0x0000001c   Code   RO         1447    !!handler_zi        c_w.l(__scatter_zi.o)
    0x080001fc   0x080001fc   0x00000002   Code   RO         1315    .ARM.Collect$$libinit$$00000000  c_w.l(libinit.o)
    0x080001fe   0x080001fe   0x00000004   Code   RO         1321    .ARM.Collect$$libinit$$00000001  c_w.l(libinit2.o)
    0x08000202   0x08000202   0x00000000   Code   RO         1324    .ARM.Collect$$libinit$$00000004  c_w.l(libinit2.o)
    0x08000202   0x08000202   0x00000000   Code   RO         1327    .ARM.Collect$$libinit$$0000000A  c_w.l(libinit2.o)
    0x08000202   0x08000202   0x00000000   Code   RO         1329    .ARM.Collect$$libinit$$0000000C  c_w.l(libinit2.o)
    0x08000202   0x08000202   0x00000000   Code   RO         1331    .ARM.Collect$$libinit$$0000000E  c_w.l(libinit2.o)
    0x08000202   0x08000202   0x00000000   Code   RO         1334    .ARM.Collect$$libinit$$00000011  c_w.l(libinit2.o)
    0x08000202   0x08000202   0x00000000   Code   RO         1336    .ARM.Collect$$libinit$$00000013  c_w.l(libinit2.o)
    0x08000202   0x08000202   0x00000000   Code   RO         1338    .ARM.Collect$$libinit$$00000015  c_w.l(libinit2.o)
    0x08000202   0x08000202   0x00000000   Code   RO         1340    .ARM.Collect$$libinit$$00000017  c_w.l(libinit2.o)
    0x08000202   0x08000202   0x00000000   Code   RO         1342    .ARM.Collect$$libinit$$00000019  c_w.l(libinit2.o)
    0x08000202   0x08000202   0x00000000   Code   RO         1344    .ARM.Collect$$libinit$$0000001B  c_w.l(libinit2.o)
    0x08000202   0x08000202   0x00000000   Code   RO         1346    .ARM.Collect$$libinit$$0000001D  c_w.l(libinit2.o)
    0x08000202   0x08000202   0x00000000   Code   RO         1348    .ARM.Collect$$libinit$$0000001F  c_w.l(libinit2.o)
    0x08000202   0x08000202   0x00000000   Code   RO         1350    .ARM.Collect$$libinit$$00000021  c_w.l(libinit2.o)
    0x08000202   0x08000202   0x00000000   Code   RO         1352    .ARM.Collect$$libinit$$00000023  c_w.l(libinit2.o)
    0x08000202   0x08000202   0x00000000   Code   RO         1354    .ARM.Collect$$libinit$$00000025  c_w.l(libinit2.o)
    0x08000202   0x08000202   0x00000000   Code   RO         1358    .ARM.Collect$$libinit$$0000002C  c_w.l(libinit2.o)
    0x08000202   0x08000202   0x00000000   Code   RO         1360    .ARM.Collect$$libinit$$0000002E  c_w.l(libinit2.o)
    0x08000202   0x08000202   0x00000000   Code   RO         1362    .ARM.Collect$$libinit$$00000030  c_w.l(libinit2.o)
    0x08000202   0x08000202   0x00000000   Code   RO         1364    .ARM.Collect$$libinit$$00000032  c_w.l(libinit2.o)
    0x08000202   0x08000202   0x00000002   Code   RO         1365    .ARM.Collect$$libinit$$00000033  c_w.l(libinit2.o)
    0x08000204   0x08000204   0x00000002   Code   RO         1383    .ARM.Collect$$libshutdown$$00000000  c_w.l(libshutdown.o)
    0x08000206   0x08000206   0x00000000   Code   RO         1393    .ARM.Collect$$libshutdown$$00000002  c_w.l(libshutdown2.o)
    0x08000206   0x08000206   0x00000000   Code   RO         1395    .ARM.Collect$$libshutdown$$00000004  c_w.l(libshutdown2.o)
    0x08000206   0x08000206   0x00000000   Code   RO         1397    .ARM.Collect$$libshutdown$$00000006  c_w.l(libshutdown2.o)
    0x08000206   0x08000206   0x00000000   Code   RO         1400    .ARM.Collect$$libshutdown$$00000009  c_w.l(libshutdown2.o)
    0x08000206   0x08000206   0x00000000   Code   RO         1403    .ARM.Collect$$libshutdown$$0000000C  c_w.l(libshutdown2.o)
    0x08000206   0x08000206   0x00000000   Code   RO         1405    .ARM.Collect$$libshutdown$$0000000E  c_w.l(libshutdown2.o)
    0x08000206   0x08000206   0x00000000   Code   RO         1408    .ARM.Collect$$libshutdown$$00000011  c_w.l(libshutdown2.o)
    0x08000206   0x08000206   0x00000002   Code   RO         1409    .ARM.Collect$$libshutdown$$00000012  c_w.l(libshutdown2.o)
    0x08000208   0x08000208   0x00000000   Code   RO         1278    .ARM.Collect$$rtentry$$00000000  c_w.l(__rtentry.o)
    0x08000208   0x08000208   0x00000000   Code   RO         1284    .ARM.Collect$$rtentry$$00000002  c_w.l(__rtentry2.o)
    0x08000208   0x08000208   0x00000006   Code   RO         1296    .ARM.Collect$$rtentry$$00000004  c_w.l(__rtentry4.o)
    0x0800020e   0x0800020e   0x00000000   Code   RO         1286    .ARM.Collect$$rtentry$$00000009  c_w.l(__rtentry2.o)
    0x0800020e   0x0800020e   0x00000004   Code   RO         1287    .ARM.Collect$$rtentry$$0000000A  c_w.l(__rtentry2.o)
    0x08000212   0x08000212   0x00000000   Code   RO         1289    .ARM.Collect$$rtentry$$0000000C  c_w.l(__rtentry2.o)
    0x08000212   0x08000212   0x00000008   Code   RO         1290    .ARM.Collect$$rtentry$$0000000D  c_w.l(__rtentry2.o)
    0x0800021a   0x0800021a   0x00000002   Code   RO         1319    .ARM.Collect$$rtexit$$00000000  c_w.l(rtexit.o)
    0x0800021c   0x0800021c   0x00000000   Code   RO         1367    .ARM.Collect$$rtexit$$00000002  c_w.l(rtexit2.o)
    0x0800021c   0x0800021c   0x00000004   Code   RO         1368    .ARM.Collect$$rtexit$$00000003  c_w.l(rtexit2.o)
    0x08000220   0x08000220   0x00000006   Code   RO         1369    .ARM.Collect$$rtexit$$00000004  c_w.l(rtexit2.o)
    0x08000226   0x08000226   0x00000002   PAD
    0x08000228   0x08000228   0x000000be   Code   RO         1064    .emb_text           port.o
    0x080002e6   0x080002e6   0x00000002   PAD
    0x080002e8   0x080002e8   0x00000100   Code   RO            3    .text               main.o
    0x080003e8   0x080003e8   0x00000014   Code   RO          144    .text               stm32f4xx_it.o
    0x080003fc   0x080003fc   0x00000210   Code   RO          167    .text               system_stm32f4xx.o
    0x0800060c   0x0800060c   0x00000040   Code   RO          194    .text               startup_stm32f40_41xxx.o
    0x0800064c   0x0800064c   0x000000e0   Code   RO          200    .text               misc.o
    0x0800072c   0x0800072c   0x00000294   Code   RO          575    .text               stm32f4xx_gpio.o
    0x080009c0   0x080009c0   0x0000065c   Code   RO          738    .text               stm32f4xx_rcc.o
    0x0800101c   0x0800101c   0x00000454   Code   RO          903    .text               stm32f4xx_usart.o
    0x08001470   0x08001470   0x00000104   Code   RO          943    .text               delay.o
    0x08001574   0x08001574   0x00000148   Code   RO          983    .text               usart.o
    0x080016bc   0x080016bc   0x0000046c   Code   RO         1012    .text               heap_4.o
    0x08001b28   0x08001b28   0x00000340   Code   RO         1065    .text               port.o
    0x08001e68   0x08001e68   0x00000094   Code   RO         1151    .text               list.o
    0x08001efc   0x08001efc   0x0000102c   Code   RO         1166    .text               queue.o
    0x08002f28   0x08002f28   0x00002354   Code   RO         1211    .text               tasks.o
    0x0800527c   0x0800527c   0x000006f8   Code   RO         1233    .text               timers.o
    0x08005974   0x08005974   0x00000002   Code   RO         1256    .text               c_w.l(use_no_semi_2.o)
    0x08005976   0x08005976   0x00000002   PAD
    0x08005978   0x08005978   0x00000018   Code   RO         1260    .text               c_w.l(noretval__2printf.o)
    0x08005990   0x08005990   0x0000008a   Code   RO         1262    .text               c_w.l(rt_memcpy_v6.o)
    0x08005a1a   0x08005a1a   0x00000010   Code   RO         1266    .text               c_w.l(aeabi_memset.o)
    0x08005a2a   0x08005a2a   0x00000044   Code   RO         1268    .text               c_w.l(rt_memclr.o)
    0x08005a6e   0x08005a6e   0x0000004e   Code   RO         1270    .text               c_w.l(rt_memclr_w.o)
    0x08005abc   0x08005abc   0x00000006   Code   RO         1272    .text               c_w.l(heapauxi.o)
    0x08005ac2   0x08005ac2   0x00000002   Code   RO         1276    .text               c_w.l(use_no_semi.o)
    0x08005ac4   0x08005ac4   0x00000024   Code   RO         1279    .text               c_w.l(_printf_char_file.o)
    0x08005ae8   0x08005ae8   0x00000064   Code   RO         1281    .text               c_w.l(rt_memcpy_w.o)
    0x08005b4c   0x08005b4c   0x00000030   Code   RO         1298    .text               c_w.l(_printf_char_common.o)
    0x08005b7c   0x08005b7c   0x00000008   Code   RO         1300    .text               c_w.l(ferror.o)
    0x08005b84   0x08005b84   0x0000004a   Code   RO         1304    .text               c_w.l(sys_stackheap_outer.o)
    0x08005bce   0x08005bce   0x00000028   Code   RO         1306    .text               c_w.l(__printf_nopercent.o)
    0x08005bf6   0x08005bf6   0x00000012   Code   RO         1308    .text               c_w.l(exit.o)
    0x08005c08   0x08005c08   0x00000008   Code   RO         1316    .text               c_w.l(libspace.o)
    0x08005c10   0x08005c10   0x0000000a   Code   RO         1375    x$fpl$fpinit        fz_wm.l(fpinit.o)
    0x08005c1a   0x08005c1a   0x00000002   PAD
    0x08005c1c   0x08005c1c   0x00000020   Data   RO         1441    Region$$Table       anon$$obj.o


    Execution Region RW_IRAM1 (Exec base: 0x20000000, Load base: 0x08005c3c, Size: 0x00013508, Max: 0x00020000, ABSOLUTE)

    Exec Addr    Load Addr    Size         Type   Attr      Idx    E Section Name        Object

    0x20000000   0x08005c3c   0x00000014   Data   RW          168    .data               system_stm32f4xx.o
    0x20000014   0x08005c50   0x00000010   Data   RW          739    .data               stm32f4xx_rcc.o
    0x20000024   0x08005c60   0x00000004   Data   RW          944    .data               delay.o
    0x20000028   0x08005c64   0x00000006   Data   RW          985    .data               usart.o
    0x2000002e   0x08005c6a   0x00000002   PAD
    0x20000030   0x08005c6c   0x0000001c   Data   RW         1014    .data               heap_4.o
    0x2000004c   0x08005c88   0x0000000c   Data   RW         1066    .data               port.o
    0x20000058   0x08005c94   0x00000040   Data   RW         1213    .data               tasks.o
    0x20000098   0x08005cd4   0x00000014   Data   RW         1235    .data               timers.o
    0x200000ac        -       0x000000c8   Zero   RW          984    .bss                usart.o
    0x20000174        -       0x00012c00   Zero   RW         1013    .bss                heap_4.o
    0x20012d74        -       0x00000040   Zero   RW         1167    .bss                queue.o
    0x20012db4        -       0x000000c8   Zero   RW         1212    .bss                tasks.o
    0x20012e7c        -       0x00000028   Zero   RW         1234    .bss                timers.o
    0x20012ea4        -       0x00000060   Zero   RW         1317    .bss                c_w.l(libspace.o)
    0x20012f04   0x08005ce8   0x00000004   PAD
    0x20012f08        -       0x00000200   Zero   RW          192    HEAP                startup_stm32f40_41xxx.o
    0x20013108        -       0x00000400   Zero   RW          191    STACK               startup_stm32f40_41xxx.o


==============================================================================

Image component sizes


      Code (inc. data)   RO Data    RW Data    ZI Data      Debug   Object Name

         0          0          0          0          0       6144   croutine.o
       260          8          0          4          0       1469   delay.o
         0          0          0          0          0      12840   event_groups.o
      1132         54          0         28      76800      23883   heap_4.o
       148          0          0          0          0       2030   list.o
       256        194          0          0          0      33151   main.o
       224         20          0          0          0     230937   misc.o
      1022         52          0         12          0       8959   port.o
      4140         18          0          0         64      23038   queue.o
        64         26        392          0       1536        828   startup_stm32f40_41xxx.o
       660         44          0          0          0       4145   stm32f4xx_gpio.o
        20          0          0          0          0        939   stm32f4xx_it.o
      1628         52          0         16          0      13016   stm32f4xx_rcc.o
      1108         34          0          0          0       7868   stm32f4xx_usart.o
       528         46          0         20          0       1759   system_stm32f4xx.o
      9044        428          0         64        200      41475   tasks.o
      1784         72          0         20         40      16240   timers.o
       328         16          0          6        200       3290   usart.o

    ----------------------------------------------------------------------
     22348       1064        424        172      78840     432011   Object Totals
         0          0         32          0          0          0   (incl. Generated)
         2          0          0          2          0          0   (incl. Padding)

    ----------------------------------------------------------------------

      Code (inc. data)   RO Data    RW Data    ZI Data      Debug   Library Member Name

         8          0          0          0          0         68   __main.o
        40          0          0          0          0         84   __printf_nopercent.o
         0          0          0          0          0          0   __rtentry.o
        12          0          0          0          0          0   __rtentry2.o
         6          0          0          0          0          0   __rtentry4.o
        52          8          0          0          0          0   __scatter.o
        26          0          0          0          0          0   __scatter_copy.o
        28          0          0          0          0          0   __scatter_zi.o
        48          6          0          0          0         96   _printf_char_common.o
        36          4          0          0          0         80   _printf_char_file.o
        16          0          0          0          0         68   aeabi_memset.o
        18          0          0          0          0         80   exit.o
         8          0          0          0          0         68   ferror.o
         6          0          0          0          0        152   heapauxi.o
         2          0          0          0          0          0   libinit.o
         6          0          0          0          0          0   libinit2.o
         2          0          0          0          0          0   libshutdown.o
         2          0          0          0          0          0   libshutdown2.o
         8          4          0          0         96         68   libspace.o
        24          4          0          0          0         84   noretval__2printf.o
        68          0          0          0          0         68   rt_memclr.o
        78          0          0          0          0         80   rt_memclr_w.o
       138          0          0          0          0         68   rt_memcpy_v6.o
       100          0          0          0          0         80   rt_memcpy_w.o
         2          0          0          0          0          0   rtexit.o
        10          0          0          0          0          0   rtexit2.o
        74          0          0          0          0         80   sys_stackheap_outer.o
         2          0          0          0          0         68   use_no_semi.o
         2          0          0          0          0         68   use_no_semi_2.o
        10          0          0          0          0        116   fpinit.o

    ----------------------------------------------------------------------
       840         26          0          0        100       1476   Library Totals
         8          0          0          0          4          0   (incl. Padding)

    ----------------------------------------------------------------------

      Code (inc. data)   RO Data    RW Data    ZI Data      Debug   Library Name

       822         26          0          0         96       1360   c_w.l
        10          0          0          0          0        116   fz_wm.l

    ----------------------------------------------------------------------
       840         26          0          0        100       1476   Library Totals

    ----------------------------------------------------------------------

==============================================================================


      Code (inc. data)   RO Data    RW Data    ZI Data      Debug   

     23188       1090        424        172      78940     428911   Grand Totals
     23188       1090        424        172      78940     428911   ELF Image Totals
     23188       1090        424        172          0          0   ROM Totals

==============================================================================

    Total RO  Size (Code + RO Data)                23612 (  23.06kB)
    Total RW  Size (RW Data + ZI Data)             79112 (  77.26kB)
    Total ROM Size (Code + RO Data + RW Data)      23784 (  23.23kB)

==============================================================================

